Component: Arm Compiler for Embedded 6.19 Tool: armlink [5e73cb00]

==============================================================================

Section Cross References

    main.o(.text) refers (Special) to _printf_percent.o(.ARM.Collect$$_printf_percent$$00000000) for _printf_percent
    main.o(.text) refers (Special) to _printf_pad.o(.text) for _printf_pre_padding
    main.o(.text) refers (Special) to _printf_x.o(.ARM.Collect$$_printf_percent$$0000000C) for _printf_x
    main.o(.text) refers (Special) to _printf_hex_int.o(.text) for _printf_longlong_hex
    main.o(.text.fputc) refers (Special) to _printf_percent.o(.ARM.Collect$$_printf_percent$$00000000) for _printf_percent
    main.o(.text.fputc) refers (Special) to _printf_pad.o(.text) for _printf_pre_padding
    main.o(.text.fputc) refers (Special) to _printf_x.o(.ARM.Collect$$_printf_percent$$0000000C) for _printf_x
    main.o(.text.fputc) refers (Special) to _printf_hex_int.o(.text) for _printf_longlong_hex
    main.o(.text.fputc) refers to gd32f1x0_usart.o(.text.usart_data_transmit) for usart_data_transmit
    main.o(.text.fputc) refers to gd32f1x0_usart.o(.text.usart_flag_get) for usart_flag_get
    main.o(.ARM.exidx.text.fputc) refers (Special) to _printf_percent.o(.ARM.Collect$$_printf_percent$$00000000) for _printf_percent
    main.o(.ARM.exidx.text.fputc) refers (Special) to _printf_pad.o(.text) for _printf_pre_padding
    main.o(.ARM.exidx.text.fputc) refers (Special) to _printf_x.o(.ARM.Collect$$_printf_percent$$0000000C) for _printf_x
    main.o(.ARM.exidx.text.fputc) refers (Special) to _printf_hex_int.o(.text) for _printf_longlong_hex
    main.o(.ARM.exidx.text.fputc) refers to main.o(.text.fputc) for [Anonymous Symbol]
    main.o(.text._sys_exit) refers (Special) to _printf_percent.o(.ARM.Collect$$_printf_percent$$00000000) for _printf_percent
    main.o(.text._sys_exit) refers (Special) to _printf_pad.o(.text) for _printf_pre_padding
    main.o(.text._sys_exit) refers (Special) to _printf_x.o(.ARM.Collect$$_printf_percent$$0000000C) for _printf_x
    main.o(.text._sys_exit) refers (Special) to _printf_hex_int.o(.text) for _printf_longlong_hex
    main.o(.ARM.exidx.text._sys_exit) refers (Special) to _printf_percent.o(.ARM.Collect$$_printf_percent$$00000000) for _printf_percent
    main.o(.ARM.exidx.text._sys_exit) refers (Special) to _printf_pad.o(.text) for _printf_pre_padding
    main.o(.ARM.exidx.text._sys_exit) refers (Special) to _printf_x.o(.ARM.Collect$$_printf_percent$$0000000C) for _printf_x
    main.o(.ARM.exidx.text._sys_exit) refers (Special) to _printf_hex_int.o(.text) for _printf_longlong_hex
    main.o(.ARM.exidx.text._sys_exit) refers to main.o(.text._sys_exit) for [Anonymous Symbol]
    main.o(.text.USART_config) refers (Special) to _printf_percent.o(.ARM.Collect$$_printf_percent$$00000000) for _printf_percent
    main.o(.text.USART_config) refers (Special) to _printf_pad.o(.text) for _printf_pre_padding
    main.o(.text.USART_config) refers (Special) to _printf_x.o(.ARM.Collect$$_printf_percent$$0000000C) for _printf_x
    main.o(.text.USART_config) refers (Special) to _printf_hex_int.o(.text) for _printf_longlong_hex
    main.o(.text.USART_config) refers to gd32f1x0_rcu.o(.text.rcu_usart_clock_config) for rcu_usart_clock_config
    main.o(.text.USART_config) refers to gd32f1x0_rcu.o(.text.rcu_periph_clock_enable) for rcu_periph_clock_enable
    main.o(.text.USART_config) refers to gd32f1x0_gpio.o(.text.gpio_af_set) for gpio_af_set
    main.o(.text.USART_config) refers to gd32f1x0_gpio.o(.text.gpio_mode_set) for gpio_mode_set
    main.o(.text.USART_config) refers to gd32f1x0_gpio.o(.text.gpio_output_options_set) for gpio_output_options_set
    main.o(.text.USART_config) refers to gd32f1x0_usart.o(.text.usart_deinit) for usart_deinit
    main.o(.text.USART_config) refers to gd32f1x0_usart.o(.text.usart_baudrate_set) for usart_baudrate_set
    main.o(.text.USART_config) refers to gd32f1x0_usart.o(.text.usart_enable) for usart_enable
    main.o(.text.USART_config) refers to gd32f1x0_usart.o(.text.usart_transmit_config) for usart_transmit_config
    main.o(.text.USART_config) refers to gd32f1x0_usart.o(.text.usart_receive_config) for usart_receive_config
    main.o(.ARM.exidx.text.USART_config) refers (Special) to _printf_percent.o(.ARM.Collect$$_printf_percent$$00000000) for _printf_percent
    main.o(.ARM.exidx.text.USART_config) refers (Special) to _printf_pad.o(.text) for _printf_pre_padding
    main.o(.ARM.exidx.text.USART_config) refers (Special) to _printf_x.o(.ARM.Collect$$_printf_percent$$0000000C) for _printf_x
    main.o(.ARM.exidx.text.USART_config) refers (Special) to _printf_hex_int.o(.text) for _printf_longlong_hex
    main.o(.ARM.exidx.text.USART_config) refers to main.o(.text.USART_config) for [Anonymous Symbol]
    main.o(.text.rcu_config) refers (Special) to _printf_percent.o(.ARM.Collect$$_printf_percent$$00000000) for _printf_percent
[...]
    Removing gd32f1x0_timer.o(.text.timer_primary_output_config), (18 bytes).
    Removing gd32f1x0_timer.o(.ARM.exidx.text.timer_primary_output_config), (8 bytes).
    Removing gd32f1x0_timer.o(.text.timer_channel_control_shadow_config), (16 bytes).
    Removing gd32f1x0_timer.o(.ARM.exidx.text.timer_channel_control_shadow_config), (8 bytes).
    Removing gd32f1x0_timer.o(.text.timer_channel_control_shadow_update_config), (30 bytes).
    Removing gd32f1x0_timer.o(.ARM.exidx.text.timer_channel_control_shadow_update_config), (8 bytes).
    Removing gd32f1x0_timer.o(.text.timer_channel_output_struct_para_init), (12 bytes).
    Removing gd32f1x0_timer.o(.ARM.exidx.text.timer_channel_output_struct_para_init), (8 bytes).
    Removing gd32f1x0_timer.o(.text.timer_channel_output_config), (558 bytes).
    Removing gd32f1x0_timer.o(.ARM.exidx.text.timer_channel_output_config), (8 bytes).
    Removing gd32f1x0_timer.o(.text.timer_channel_output_mode_config), (64 bytes).
    Removing gd32f1x0_timer.o(.ARM.exidx.text.timer_channel_output_mode_config), (8 bytes).
    Removing gd32f1x0_timer.o(.text.timer_channel_output_pulse_value_config), (12 bytes).
    Removing gd32f1x0_timer.o(.ARM.exidx.text.timer_channel_output_pulse_value_config), (8 bytes).
    Removing gd32f1x0_timer.o(.text.timer_channel_output_shadow_config), (64 bytes).
    Removing gd32f1x0_timer.o(.ARM.exidx.text.timer_channel_output_shadow_config), (8 bytes).
    Removing gd32f1x0_timer.o(.text.timer_channel_output_fast_config), (64 bytes).
    Removing gd32f1x0_timer.o(.ARM.exidx.text.timer_channel_output_fast_config), (8 bytes).
    Removing gd32f1x0_timer.o(.text.timer_channel_output_clear_config), (64 bytes).
    Removing gd32f1x0_timer.o(.ARM.exidx.text.timer_channel_output_clear_config), (8 bytes).
    Removing gd32f1x0_timer.o(.text.timer_channel_output_polarity_config), (72 bytes).
    Removing gd32f1x0_timer.o(.ARM.exidx.text.timer_channel_output_polarity_config), (8 bytes).
    Removing gd32f1x0_timer.o(.text.timer_channel_complementary_output_polarity_config), (72 bytes).
    Removing gd32f1x0_timer.o(.ARM.exidx.text.timer_channel_complementary_output_polarity_config), (8 bytes).
    Removing gd32f1x0_timer.o(.text.timer_channel_output_state_config), (72 bytes).
    Removing gd32f1x0_timer.o(.ARM.exidx.text.timer_channel_output_state_config), (8 bytes).
    Removing gd32f1x0_timer.o(.text.timer_channel_complementary_output_state_config), (56 bytes).
    Removing gd32f1x0_timer.o(.ARM.exidx.text.timer_channel_complementary_output_state_config), (8 bytes).
    Removing gd32f1x0_timer.o(.text.timer_channel_input_struct_para_init), (12 bytes).
    Removing gd32f1x0_timer.o(.ARM.exidx.text.timer_channel_input_struct_para_init), (8 bytes).
    Removing gd32f1x0_timer.o(.text.timer_input_capture_config), (358 bytes).
    Removing gd32f1x0_timer.o(.ARM.exidx.text.timer_input_capture_config), (8 bytes).
    Removing gd32f1x0_timer.o(.text.timer_channel_input_capture_prescaler_config), (64 bytes).
    Removing gd32f1x0_timer.o(.ARM.exidx.text.timer_channel_input_capture_prescaler_config), (8 bytes).
    Removing gd32f1x0_timer.o(.text.timer_channel_capture_value_register_read), (14 bytes).
    Removing gd32f1x0_timer.o(.ARM.exidx.text.timer_channel_capture_value_register_read), (8 bytes).
    Removing gd32f1x0_timer.o(.text.timer_input_pwm_capture_config), (362 bytes).
    Removing gd32f1x0_timer.o(.ARM.exidx.text.timer_input_pwm_capture_config), (8 bytes).
    Removing gd32f1x0_timer.o(.text.timer_hall_mode_config), (30 bytes).
    Removing gd32f1x0_timer.o(.ARM.exidx.text.timer_hall_mode_config), (8 bytes).
    Removing gd32f1x0_timer.o(.text.timer_input_trigger_source_select), (16 bytes).
    Removing gd32f1x0_timer.o(.ARM.exidx.text.timer_input_trigger_source_select), (8 bytes).
    Removing gd32f1x0_timer.o(.text.timer_master_output_trigger_source_select), (16 bytes).
    Removing gd32f1x0_timer.o(.ARM.exidx.text.timer_master_output_trigger_source_select), (8 bytes).
    Removing gd32f1x0_timer.o(.text.timer_slave_mode_select), (16 bytes).
    Removing gd32f1x0_timer.o(.ARM.exidx.text.timer_slave_mode_select), (8 bytes).
    Removing gd32f1x0_timer.o(.text.timer_master_slave_mode_config), (30 bytes).
    Removing gd32f1x0_timer.o(.ARM.exidx.text.timer_master_slave_mode_config), (8 bytes).
    Removing gd32f1x0_timer.o(.text.timer_external_trigger_config), (34 bytes).
    Removing gd32f1x0_timer.o(.ARM.exidx.text.timer_external_trigger_config), (8 bytes).
    Removing gd32f1x0_timer.o(.text.timer_quadrature_decoder_mode_config), (78 bytes).
    Removing gd32f1x0_timer.o(.ARM.exidx.text.timer_quadrature_decoder_mode_config), (8 bytes).
    Removing gd32f1x0_timer.o(.text.timer_internal_clock_config), (10 bytes).
    Removing gd32f1x0_timer.o(.ARM.exidx.text.timer_internal_clock_config), (8 bytes).
    Removing gd32f1x0_timer.o(.text.timer_internal_trigger_as_external_clock_config), (32 bytes).
    Removing gd32f1x0_timer.o(.ARM.exidx.text.timer_internal_trigger_as_external_clock_config), (8 bytes).
    Removing gd32f1x0_timer.o(.text.timer_external_trigger_as_external_clock_config), (148 bytes).
    Removing gd32f1x0_timer.o(.ARM.exidx.text.timer_external_trigger_as_external_clock_config), (8 bytes).
    Removing gd32f1x0_timer.o(.text.timer_external_clock_mode0_config), (50 bytes).
    Removing gd32f1x0_timer.o(.ARM.exidx.text.timer_external_clock_mode0_config), (8 bytes).
    Removing gd32f1x0_timer.o(.text.timer_external_clock_mode1_config), (42 bytes).
    Removing gd32f1x0_timer.o(.ARM.exidx.text.timer_external_clock_mode1_config), (8 bytes).
    Removing gd32f1x0_timer.o(.text.timer_external_clock_mode1_disable), (10 bytes).
    Removing gd32f1x0_timer.o(.ARM.exidx.text.timer_external_clock_mode1_disable), (8 bytes).
    Removing gd32f1x0_timer.o(.text.timer_channel_remap_config), (4 bytes).
    Removing gd32f1x0_timer.o(.ARM.exidx.text.timer_channel_remap_config), (8 bytes).
    Removing gd32f1x0_tsi.o(.text), (0 bytes).
    Removing gd32f1x0_tsi.o(.text.tsi_deinit), (22 bytes).
    Removing gd32f1x0_tsi.o(.ARM.exidx.text.tsi_deinit), (8 bytes).
    Removing gd32f1x0_tsi.o(.text.tsi_init), (52 bytes).
    Removing gd32f1x0_tsi.o(.ARM.exidx.text.tsi_init), (8 bytes).
    Removing gd32f1x0_tsi.o(.text.tsi_sample_pin_enable), (26 bytes).
    Removing gd32f1x0_tsi.o(.ARM.exidx.text.tsi_sample_pin_enable), (8 bytes).
    Removing gd32f1x0_tsi.o(.text.tsi_sample_pin_disable), (28 bytes).
    Removing gd32f1x0_tsi.o(.ARM.exidx.text.tsi_sample_pin_disable), (8 bytes).
    Removing gd32f1x0_tsi.o(.text.tsi_channel_pin_enable), (16 bytes).
    Removing gd32f1x0_tsi.o(.ARM.exidx.text.tsi_channel_pin_enable), (8 bytes).
    Removing gd32f1x0_tsi.o(.text.tsi_channel_pin_disable), (18 bytes).
    Removing gd32f1x0_tsi.o(.ARM.exidx.text.tsi_channel_pin_disable), (8 bytes).
    Removing gd32f1x0_tsi.o(.text.tsi_plus_config), (48 bytes).
    Removing gd32f1x0_tsi.o(.ARM.exidx.text.tsi_plus_config), (8 bytes).
    Removing gd32f1x0_tsi.o(.text.tsi_sofeware_mode_config), (26 bytes).
    Removing gd32f1x0_tsi.o(.ARM.exidx.text.tsi_sofeware_mode_config), (8 bytes).
    Removing gd32f1x0_tsi.o(.text.tsi_hardware_mode_config), (40 bytes).
    Removing gd32f1x0_tsi.o(.ARM.exidx.text.tsi_hardware_mode_config), (8 bytes).
    Removing gd32f1x0_tsi.o(.text.tsi_pin_mode_config), (32 bytes).
    Removing gd32f1x0_tsi.o(.ARM.exidx.text.tsi_pin_mode_config), (8 bytes).
    Removing gd32f1x0_tsi.o(.text.tsi_max_number_config), (28 bytes).
    Removing gd32f1x0_tsi.o(.ARM.exidx.text.tsi_max_number_config), (8 bytes).
    Removing gd32f1x0_tsi.o(.text.tsi_software_start), (18 bytes).
    Removing gd32f1x0_tsi.o(.ARM.exidx.text.tsi_software_start), (8 bytes).
    Removing gd32f1x0_tsi.o(.text.tsi_software_stop), (18 bytes).
    Removing gd32f1x0_tsi.o(.ARM.exidx.text.tsi_software_stop), (8 bytes).
    Removing gd32f1x0_tsi.o(.text.tsi_enable), (18 bytes).
    Removing gd32f1x0_tsi.o(.ARM.exidx.text.tsi_enable), (8 bytes).
    Removing gd32f1x0_tsi.o(.text.tsi_disable), (18 bytes).
    Removing gd32f1x0_tsi.o(.ARM.exidx.text.tsi_disable), (8 bytes).
    Removing gd32f1x0_tsi.o(.text.tsi_extend_charge_config), (86 bytes).
    Removing gd32f1x0_tsi.o(.ARM.exidx.text.tsi_extend_charge_config), (8 bytes).
    Removing gd32f1x0_tsi.o(.text.tsi_hysteresis_on), (16 bytes).
    Removing gd32f1x0_tsi.o(.ARM.exidx.text.tsi_hysteresis_on), (8 bytes).
    Removing gd32f1x0_tsi.o(.text.tsi_hysteresis_off), (18 bytes).
    Removing gd32f1x0_tsi.o(.ARM.exidx.text.tsi_hysteresis_off), (8 bytes).
    Removing gd32f1x0_tsi.o(.text.tsi_analog_on), (16 bytes).
    Removing gd32f1x0_tsi.o(.ARM.exidx.text.tsi_analog_on), (8 bytes).
    Removing gd32f1x0_tsi.o(.text.tsi_analog_off), (18 bytes).
    Removing gd32f1x0_tsi.o(.ARM.exidx.text.tsi_analog_off), (8 bytes).
    Removing gd32f1x0_tsi.o(.text.tsi_interrupt_enable), (16 bytes).
    Removing gd32f1x0_tsi.o(.ARM.exidx.text.tsi_interrupt_enable), (8 bytes).
    Removing gd32f1x0_tsi.o(.text.tsi_interrupt_disable), (18 bytes).
    Removing gd32f1x0_tsi.o(.ARM.exidx.text.tsi_interrupt_disable), (8 bytes).
    Removing gd32f1x0_tsi.o(.text.tsi_interrupt_flag_clear), (16 bytes).
    Removing gd32f1x0_tsi.o(.ARM.exidx.text.tsi_interrupt_flag_clear), (8 bytes).
    Removing gd32f1x0_tsi.o(.text.tsi_interrupt_flag_get), (18 bytes).
    Removing gd32f1x0_tsi.o(.ARM.exidx.text.tsi_interrupt_flag_get), (8 bytes).
    Removing gd32f1x0_tsi.o(.text.tsi_group_enable), (16 bytes).
    Removing gd32f1x0_tsi.o(.ARM.exidx.text.tsi_group_enable), (8 bytes).
    Removing gd32f1x0_tsi.o(.text.tsi_group_disable), (18 bytes).
    Removing gd32f1x0_tsi.o(.ARM.exidx.text.tsi_group_disable), (8 bytes).
    Removing gd32f1x0_tsi.o(.text.tsi_group_status_get), (18 bytes).
    Removing gd32f1x0_tsi.o(.ARM.exidx.text.tsi_group_status_get), (8 bytes).
    Removing gd32f1x0_tsi.o(.text.tsi_group0_cycle_get), (14 bytes).
    Removing gd32f1x0_tsi.o(.ARM.exidx.text.tsi_group0_cycle_get), (8 bytes).
    Removing gd32f1x0_tsi.o(.text.tsi_group1_cycle_get), (14 bytes).
    Removing gd32f1x0_tsi.o(.ARM.exidx.text.tsi_group1_cycle_get), (8 bytes).
    Removing gd32f1x0_tsi.o(.text.tsi_group2_cycle_get), (14 bytes).
    Removing gd32f1x0_tsi.o(.ARM.exidx.text.tsi_group2_cycle_get), (8 bytes).
    Removing gd32f1x0_tsi.o(.text.tsi_group3_cycle_get), (14 bytes).
    Removing gd32f1x0_tsi.o(.ARM.exidx.text.tsi_group3_cycle_get), (8 bytes).
    Removing gd32f1x0_tsi.o(.text.tsi_group4_cycle_get), (14 bytes).
    Removing gd32f1x0_tsi.o(.ARM.exidx.text.tsi_group4_cycle_get), (8 bytes).
    Removing gd32f1x0_tsi.o(.text.tsi_group5_cycle_get), (14 bytes).
    Removing gd32f1x0_tsi.o(.ARM.exidx.text.tsi_group5_cycle_get), (8 bytes).
    Removing gd32f1x0_usart.o(.text), (0 bytes).
    Removing gd32f1x0_usart.o(.ARM.exidx.text.usart_deinit), (8 bytes).
    Removing gd32f1x0_usart.o(.ARM.exidx.text.usart_baudrate_set), (8 bytes).
    Removing gd32f1x0_usart.o(.text.usart_parity_config), (24 bytes).
    Removing gd32f1x0_usart.o(.ARM.exidx.text.usart_parity_config), (8 bytes).
    Removing gd32f1x0_usart.o(.text.usart_word_length_set), (24 bytes).
    Removing gd32f1x0_usart.o(.ARM.exidx.text.usart_word_length_set), (8 bytes).
    Removing gd32f1x0_usart.o(.text.usart_stop_bit_set), (24 bytes).
    Removing gd32f1x0_usart.o(.ARM.exidx.text.usart_stop_bit_set), (8 bytes).
    Removing gd32f1x0_usart.o(.ARM.exidx.text.usart_enable), (8 bytes).
    Removing gd32f1x0_usart.o(.text.usart_disable), (10 bytes).
    Removing gd32f1x0_usart.o(.ARM.exidx.text.usart_disable), (8 bytes).
    Removing gd32f1x0_usart.o(.ARM.exidx.text.usart_transmit_config), (8 bytes).
    Removing gd32f1x0_usart.o(.ARM.exidx.text.usart_receive_config), (8 bytes).
    Removing gd32f1x0_usart.o(.ARM.exidx.text.usart_data_transmit), (8 bytes).
    Removing gd32f1x0_usart.o(.ARM.exidx.text.usart_data_receive), (8 bytes).
    Removing gd32f1x0_usart.o(.text.usart_data_first_config), (28 bytes).
    Removing gd32f1x0_usart.o(.ARM.exidx.text.usart_data_first_config), (8 bytes).
    Removing gd32f1x0_usart.o(.text.usart_invert_config), (122 bytes).
    Removing gd32f1x0_usart.o(.ARM.exidx.text.usart_invert_config), (8 bytes).
    Removing gd32f1x0_usart.o(.text.usart_overrun_enable), (18 bytes).
    Removing gd32f1x0_usart.o(.ARM.exidx.text.usart_overrun_enable), (8 bytes).
    Removing gd32f1x0_usart.o(.text.usart_overrun_disable), (18 bytes).
    Removing gd32f1x0_usart.o(.ARM.exidx.text.usart_overrun_disable), (8 bytes).
    Removing gd32f1x0_usart.o(.text.usart_oversample_config), (24 bytes).
    Removing gd32f1x0_usart.o(.ARM.exidx.text.usart_oversample_config), (8 bytes).
    Removing gd32f1x0_usart.o(.text.usart_sample_bit_config), (24 bytes).
    Removing gd32f1x0_usart.o(.ARM.exidx.text.usart_sample_bit_config), (8 bytes).
    Removing gd32f1x0_usart.o(.text.usart_autobaud_detection_enable), (10 bytes).
    Removing gd32f1x0_usart.o(.ARM.exidx.text.usart_autobaud_detection_enable), (8 bytes).
    Removing gd32f1x0_usart.o(.text.usart_autobaud_detection_disable), (10 bytes).
    Removing gd32f1x0_usart.o(.ARM.exidx.text.usart_autobaud_detection_disable), (8 bytes).
    Removing gd32f1x0_usart.o(.text.usart_autobaud_detection_mode_config), (16 bytes).
    Removing gd32f1x0_usart.o(.ARM.exidx.text.usart_autobaud_detection_mode_config), (8 bytes).
    Removing gd32f1x0_usart.o(.text.usart_mute_mode_enable), (10 bytes).
    Removing gd32f1x0_usart.o(.ARM.exidx.text.usart_mute_mode_enable), (8 bytes).
    Removing gd32f1x0_usart.o(.text.usart_mute_mode_disable), (10 bytes).
    Removing gd32f1x0_usart.o(.ARM.exidx.text.usart_mute_mode_disable), (8 bytes).
    Removing gd32f1x0_usart.o(.text.usart_mute_mode_wakeup_config), (24 bytes).
    Removing gd32f1x0_usart.o(.ARM.exidx.text.usart_mute_mode_wakeup_config), (8 bytes).
    Removing gd32f1x0_usart.o(.text.usart_address_detection_mode_config), (28 bytes).
    Removing gd32f1x0_usart.o(.ARM.exidx.text.usart_address_detection_mode_config), (8 bytes).
    Removing gd32f1x0_usart.o(.text.usart_address_config), (26 bytes).
    Removing gd32f1x0_usart.o(.ARM.exidx.text.usart_address_config), (8 bytes).
    Removing gd32f1x0_usart.o(.text.usart_receiver_timeout_enable), (10 bytes).
    Removing gd32f1x0_usart.o(.ARM.exidx.text.usart_receiver_timeout_enable), (8 bytes).
    Removing gd32f1x0_usart.o(.text.usart_receiver_timeout_disable), (10 bytes).
    Removing gd32f1x0_usart.o(.ARM.exidx.text.usart_receiver_timeout_disable), (8 bytes).
    Removing gd32f1x0_usart.o(.text.usart_receiver_timeout_config), (16 bytes).
    Removing gd32f1x0_usart.o(.ARM.exidx.text.usart_receiver_timeout_config), (8 bytes).
    Removing gd32f1x0_usart.o(.text.usart_lin_mode_enable), (18 bytes).
    Removing gd32f1x0_usart.o(.ARM.exidx.text.usart_lin_mode_enable), (8 bytes).
    Removing gd32f1x0_usart.o(.text.usart_lin_mode_disable), (18 bytes).
    Removing gd32f1x0_usart.o(.ARM.exidx.text.usart_lin_mode_disable), (8 bytes).
    Removing gd32f1x0_usart.o(.text.usart_lin_break_detection_length_config), (20 bytes).
    Removing gd32f1x0_usart.o(.ARM.exidx.text.usart_lin_break_detection_length_config), (8 bytes).
    Removing gd32f1x0_usart.o(.text.usart_halfduplex_enable), (18 bytes).
    Removing gd32f1x0_usart.o(.ARM.exidx.text.usart_halfduplex_enable), (8 bytes).
    Removing gd32f1x0_usart.o(.text.usart_halfduplex_disable), (18 bytes).
    Removing gd32f1x0_usart.o(.ARM.exidx.text.usart_halfduplex_disable), (8 bytes).
    Removing gd32f1x0_usart.o(.text.usart_clock_enable), (18 bytes).
    Removing gd32f1x0_usart.o(.ARM.exidx.text.usart_clock_enable), (8 bytes).
    Removing gd32f1x0_usart.o(.text.usart_clock_disable), (18 bytes).
    Removing gd32f1x0_usart.o(.ARM.exidx.text.usart_clock_disable), (8 bytes).
    Removing gd32f1x0_usart.o(.text.usart_synchronous_clock_config), (60 bytes).
    Removing gd32f1x0_usart.o(.ARM.exidx.text.usart_synchronous_clock_config), (8 bytes).
    Removing gd32f1x0_usart.o(.text.usart_smartcard_mode_enable), (18 bytes).
    Removing gd32f1x0_usart.o(.ARM.exidx.text.usart_smartcard_mode_enable), (8 bytes).
    Removing gd32f1x0_usart.o(.text.usart_smartcard_mode_disable), (18 bytes).
    Removing gd32f1x0_usart.o(.ARM.exidx.text.usart_smartcard_mode_disable), (8 bytes).
    Removing gd32f1x0_usart.o(.text.usart_smartcard_mode_nack_enable), (18 bytes).
    Removing gd32f1x0_usart.o(.ARM.exidx.text.usart_smartcard_mode_nack_enable), (8 bytes).
    Removing gd32f1x0_usart.o(.text.usart_smartcard_mode_nack_disable), (18 bytes).
    Removing gd32f1x0_usart.o(.ARM.exidx.text.usart_smartcard_mode_nack_disable), (8 bytes).
    Removing gd32f1x0_usart.o(.text.usart_guard_time_config), (28 bytes).
    Removing gd32f1x0_usart.o(.ARM.exidx.text.usart_guard_time_config), (8 bytes).
    Removing gd32f1x0_usart.o(.text.usart_block_length_config), (18 bytes).
    Removing gd32f1x0_usart.o(.ARM.exidx.text.usart_block_length_config), (8 bytes).
    Removing gd32f1x0_usart.o(.text.usart_smartcard_autoretry_config), (30 bytes).
    Removing gd32f1x0_usart.o(.ARM.exidx.text.usart_smartcard_autoretry_config), (8 bytes).
    Removing gd32f1x0_usart.o(.text.usart_irda_mode_enable), (18 bytes).
    Removing gd32f1x0_usart.o(.ARM.exidx.text.usart_irda_mode_enable), (8 bytes).
    Removing gd32f1x0_usart.o(.text.usart_irda_mode_disable), (18 bytes).
    Removing gd32f1x0_usart.o(.ARM.exidx.text.usart_irda_mode_disable), (8 bytes).
    Removing gd32f1x0_usart.o(.text.usart_irda_lowpower_config), (20 bytes).
    Removing gd32f1x0_usart.o(.ARM.exidx.text.usart_irda_lowpower_config), (8 bytes).
    Removing gd32f1x0_usart.o(.text.usart_prescaler_config), (24 bytes).
    Removing gd32f1x0_usart.o(.ARM.exidx.text.usart_prescaler_config), (8 bytes).
    Removing gd32f1x0_usart.o(.text.usart_hardware_flow_rts_config), (24 bytes).
    Removing gd32f1x0_usart.o(.ARM.exidx.text.usart_hardware_flow_rts_config), (8 bytes).
    Removing gd32f1x0_usart.o(.text.usart_hardware_flow_cts_config), (24 bytes).
    Removing gd32f1x0_usart.o(.ARM.exidx.text.usart_hardware_flow_cts_config), (8 bytes).
    Removing gd32f1x0_usart.o(.text.usart_rs485_driver_enable), (18 bytes).
    Removing gd32f1x0_usart.o(.ARM.exidx.text.usart_rs485_driver_enable), (8 bytes).
    Removing gd32f1x0_usart.o(.text.usart_rs485_driver_disable), (18 bytes).
    Removing gd32f1x0_usart.o(.ARM.exidx.text.usart_rs485_driver_disable), (8 bytes).
    Removing gd32f1x0_usart.o(.text.usart_driver_assertime_config), (30 bytes).
    Removing gd32f1x0_usart.o(.ARM.exidx.text.usart_driver_assertime_config), (8 bytes).
    Removing gd32f1x0_usart.o(.text.usart_driver_deassertime_config), (30 bytes).
    Removing gd32f1x0_usart.o(.ARM.exidx.text.usart_driver_deassertime_config), (8 bytes).
    Removing gd32f1x0_usart.o(.text.usart_depolarity_config), (28 bytes).
    Removing gd32f1x0_usart.o(.ARM.exidx.text.usart_depolarity_config), (8 bytes).
    Removing gd32f1x0_usart.o(.text.usart_dma_receive_config), (16 bytes).
    Removing gd32f1x0_usart.o(.ARM.exidx.text.usart_dma_receive_config), (8 bytes).
    Removing gd32f1x0_usart.o(.text.usart_dma_transmit_config), (16 bytes).
    Removing gd32f1x0_usart.o(.ARM.exidx.text.usart_dma_transmit_config), (8 bytes).
    Removing gd32f1x0_usart.o(.text.usart_reception_error_dma_disable), (18 bytes).
    Removing gd32f1x0_usart.o(.ARM.exidx.text.usart_reception_error_dma_disable), (8 bytes).
    Removing gd32f1x0_usart.o(.text.usart_reception_error_dma_enable), (18 bytes).
    Removing gd32f1x0_usart.o(.ARM.exidx.text.usart_reception_error_dma_enable), (8 bytes).
    Removing gd32f1x0_usart.o(.text.usart_wakeup_enable), (10 bytes).
    Removing gd32f1x0_usart.o(.ARM.exidx.text.usart_wakeup_enable), (8 bytes).
    Removing gd32f1x0_usart.o(.text.usart_wakeup_disable), (10 bytes).
    Removing gd32f1x0_usart.o(.ARM.exidx.text.usart_wakeup_disable), (8 bytes).
    Removing gd32f1x0_usart.o(.text.usart_wakeup_mode_config), (28 bytes).
    Removing gd32f1x0_usart.o(.ARM.exidx.text.usart_wakeup_mode_config), (8 bytes).
    Removing gd32f1x0_usart.o(.ARM.exidx.text.usart_flag_get), (8 bytes).
    Removing gd32f1x0_usart.o(.text.usart_flag_clear), (18 bytes).
    Removing gd32f1x0_usart.o(.ARM.exidx.text.usart_flag_clear), (8 bytes).
    Removing gd32f1x0_usart.o(.text.usart_interrupt_enable), (24 bytes).
    Removing gd32f1x0_usart.o(.ARM.exidx.text.usart_interrupt_enable), (8 bytes).
    Removing gd32f1x0_usart.o(.text.usart_interrupt_disable), (26 bytes).
    Removing gd32f1x0_usart.o(.ARM.exidx.text.usart_interrupt_disable), (8 bytes).
    Removing gd32f1x0_usart.o(.text.usart_command_enable), (8 bytes).
    Removing gd32f1x0_usart.o(.ARM.exidx.text.usart_command_enable), (8 bytes).
    Removing gd32f1x0_usart.o(.text.usart_interrupt_flag_get), (34 bytes).
    Removing gd32f1x0_usart.o(.ARM.exidx.text.usart_interrupt_flag_get), (8 bytes).
    Removing gd32f1x0_usart.o(.text.usart_interrupt_flag_clear), (18 bytes).
    Removing gd32f1x0_usart.o(.ARM.exidx.text.usart_interrupt_flag_clear), (8 bytes).
    Removing gd32f1x0_wwdgt.o(.text), (0 bytes).
    Removing gd32f1x0_wwdgt.o(.text.wwdgt_deinit), (22 bytes).
    Removing gd32f1x0_wwdgt.o(.ARM.exidx.text.wwdgt_deinit), (8 bytes).
    Removing gd32f1x0_wwdgt.o(.text.wwdgt_counter_update), (18 bytes).
    Removing gd32f1x0_wwdgt.o(.ARM.exidx.text.wwdgt_counter_update), (8 bytes).
    Removing gd32f1x0_wwdgt.o(.text.wwdgt_enable), (18 bytes).
    Removing gd32f1x0_wwdgt.o(.ARM.exidx.text.wwdgt_enable), (8 bytes).
    Removing gd32f1x0_wwdgt.o(.text.wwdgt_config), (50 bytes).
    Removing gd32f1x0_wwdgt.o(.ARM.exidx.text.wwdgt_config), (8 bytes).
    Removing gd32f1x0_wwdgt.o(.text.wwdgt_interrupt_enable), (18 bytes).
    Removing gd32f1x0_wwdgt.o(.ARM.exidx.text.wwdgt_interrupt_enable), (8 bytes).
    Removing gd32f1x0_wwdgt.o(.text.wwdgt_flag_get), (16 bytes).
    Removing gd32f1x0_wwdgt.o(.ARM.exidx.text.wwdgt_flag_get), (8 bytes).
    Removing gd32f1x0_wwdgt.o(.text.wwdgt_flag_clear), (18 bytes).
    Removing gd32f1x0_wwdgt.o(.ARM.exidx.text.wwdgt_flag_clear), (8 bytes).
    Removing gd32f1x0r_eval.o(.text), (0 bytes).
    Removing gd32f1x0r_eval.o(.text.gd_eval_led_init), (76 bytes).
    Removing gd32f1x0r_eval.o(.ARM.exidx.text.gd_eval_led_init), (8 bytes).
    Removing gd32f1x0r_eval.o(.text.gd_eval_led_on), (28 bytes).
    Removing gd32f1x0r_eval.o(.ARM.exidx.text.gd_eval_led_on), (8 bytes).
    Removing gd32f1x0r_eval.o(.text.gd_eval_led_off), (28 bytes).
    Removing gd32f1x0r_eval.o(.ARM.exidx.text.gd_eval_led_off), (8 bytes).
    Removing gd32f1x0r_eval.o(.text.gd_eval_led_toggle), (32 bytes).
    Removing gd32f1x0r_eval.o(.ARM.exidx.text.gd_eval_led_toggle), (8 bytes).
    Removing gd32f1x0r_eval.o(.text.gd_eval_key_init), (128 bytes).
    Removing gd32f1x0r_eval.o(.ARM.exidx.text.gd_eval_key_init), (8 bytes).
    Removing gd32f1x0r_eval.o(.text.gd_eval_key_state_get), (30 bytes).
    Removing gd32f1x0r_eval.o(.ARM.exidx.text.gd_eval_key_state_get), (8 bytes).
    Removing gd32f1x0r_eval.o(.text.gd_eval_com_init), (154 bytes).
    Removing gd32f1x0r_eval.o(.ARM.exidx.text.gd_eval_com_init), (8 bytes).
    Removing gd32f1x0r_eval.o(.rodata.cst16), (32 bytes).
    Removing gd32f1x0r_eval.o(.rodata.KEY_CLK), (6 bytes).
    Removing gd32f1x0r_eval.o(.rodata.KEY_PORT), (12 bytes).
    Removing gd32f1x0r_eval.o(.rodata.KEY_EXTI_LINE), (12 bytes).
    Removing system_gd32f1x0.o(.text), (0 bytes).
    Removing system_gd32f1x0.o(.ARM.exidx.text.SystemInit), (8 bytes).
    Removing system_gd32f1x0.o(.text.SystemCoreClockUpdate), (128 bytes).
    Removing system_gd32f1x0.o(.ARM.exidx.text.SystemCoreClockUpdate), (8 bytes).
    Removing system_gd32f1x0.o(.data.SystemCoreClock), (4 bytes).

1080 unused section(s) (total 31080 bytes) removed from the image.

==============================================================================

Image Symbol Table

    Local Symbols

    Symbol Name                              Value     Ov Type        Size  Object(Section)

    ../clib/angel/boardlib.s                 0x00000000   Number         0  boardinit1.o ABSOLUTE
    ../clib/angel/boardlib.s                 0x00000000   Number         0  boardinit2.o ABSOLUTE
    ../clib/angel/boardlib.s                 0x00000000   Number         0  boardinit3.o ABSOLUTE
    ../clib/angel/boardlib.s                 0x00000000   Number         0  boardshut.o ABSOLUTE
    ../clib/angel/handlers.s                 0x00000000   Number         0  __scatter_zi.o ABSOLUTE
    ../clib/angel/kernel.s                   0x00000000   Number         0  __rtentry.o ABSOLUTE
    ../clib/angel/kernel.s                   0x00000000   Number         0  __rtentry2.o ABSOLUTE
    ../clib/angel/kernel.s                   0x00000000   Number         0  __rtentry4.o ABSOLUTE
    ../clib/angel/kernel.s                   0x00000000   Number         0  rtexit.o ABSOLUTE
    ../clib/angel/kernel.s                   0x00000000   Number         0  rtexit2.o ABSOLUTE
    ../clib/angel/rt.s                       0x00000000   Number         0  rt_raise.o ABSOLUTE
    ../clib/angel/scatter.s                  0x00000000   Number         0  __scatter.o ABSOLUTE
    ../clib/angel/startup.s                  0x00000000   Number         0  __main.o ABSOLUTE
    ../clib/angel/sys.s                      0x00000000   Number         0  sys_stackheap_outer.o ABSOLUTE
    ../clib/angel/sys.s                      0x00000000   Number         0  libspace.o ABSOLUTE
    ../clib/angel/sys.s                      0x00000000   Number         0  use_no_semi.o ABSOLUTE
    ../clib/angel/sys.s                      0x00000000   Number         0  indicate_semi.o ABSOLUTE
    ../clib/angel/sysapp.c                   0x00000000   Number         0  sys_command.o ABSOLUTE
    ../clib/angel/sysapp.c                   0x00000000   Number         0  sys_command_hlt.o ABSOLUTE
    ../clib/angel/sysapp.c                   0x00000000   Number         0  sys_wrch.o ABSOLUTE
    ../clib/angel/sysapp.c                   0x00000000   Number         0  sys_wrch_hlt.o ABSOLUTE
    ../clib/armsys.c                         0x00000000   Number         0  argv_veneer.o ABSOLUTE
    ../clib/armsys.c                         0x00000000   Number         0  argv_veneer.o ABSOLUTE
    ../clib/armsys.c                         0x00000000   Number         0  _get_argv_nomalloc.o ABSOLUTE
    ../clib/armsys.c                         0x00000000   Number         0  no_argv.o ABSOLUTE
    ../clib/heapalloc.c                      0x00000000   Number         0  hrguard.o ABSOLUTE
    ../clib/heapaux.c                        0x00000000   Number         0  heapauxi.o ABSOLUTE
    ../clib/libinit.s                        0x00000000   Number         0  libinit.o ABSOLUTE
    ../clib/libinit.s                        0x00000000   Number         0  libinit2.o ABSOLUTE
    ../clib/libinit.s                        0x00000000   Number         0  libshutdown.o ABSOLUTE
    ../clib/libinit.s                        0x00000000   Number         0  libshutdown2.o ABSOLUTE
    ../clib/misc.s                           0x00000000   Number         0  printf_stubs.o ABSOLUTE
    ../clib/printf.c                         0x00000000   Number         0  __2printf.o ABSOLUTE
    ../clib/printf.c                         0x00000000   Number         0  noretval__2printf.o ABSOLUTE
    ../clib/printf.c                         0x00000000   Number         0  __printf.o ABSOLUTE
    ../clib/printf.c                         0x00000000   Number         0  _printf_pad.o ABSOLUTE
    ../clib/printf.c                         0x00000000   Number         0  _printf_hex_ll.o ABSOLUTE
    ../clib/printf.c                         0x00000000   Number         0  _printf_hex_int.o ABSOLUTE
    ../clib/printf.c                         0x00000000   Number         0  _printf_hex_int_ll.o ABSOLUTE
    ../clib/printf.c                         0x00000000   Number         0  _printf_hex_ptr.o ABSOLUTE
    ../clib/printf.c                         0x00000000   Number         0  _printf_hex_int_ptr.o ABSOLUTE
    ../clib/printf.c                         0x00000000   Number         0  _printf_hex_ll_ptr.o ABSOLUTE
    ../clib/printf.c                         0x00000000   Number         0  _printf_hex_int_ll_ptr.o ABSOLUTE
    ../clib/printf.c                         0x00000000   Number         0  __printf_flags.o ABSOLUTE
    ../clib/printf.c                         0x00000000   Number         0  __printf_ss.o ABSOLUTE
    ../clib/printf.c                         0x00000000   Number         0  __printf_flags_ss.o ABSOLUTE
    ../clib/printf.c                         0x00000000   Number         0  __printf_wp.o ABSOLUTE
    ../clib/printf.c                         0x00000000   Number         0  __printf_flags_wp.o ABSOLUTE
    ../clib/printf.c                         0x00000000   Number         0  __printf_ss_wp.o ABSOLUTE
    ../clib/printf.c                         0x00000000   Number         0  __printf_flags_ss_wp.o ABSOLUTE
    ../clib/printf.c                         0x00000000   Number         0  _printf_intcommon.o ABSOLUTE
    ../clib/printf.c                         0x00000000   Number         0  _printf_char_file.o ABSOLUTE
    ../clib/printf.c                         0x00000000   Number         0  _printf_char_common.o ABSOLUTE
    ../clib/printf.c                         0x00000000   Number         0  __printf_nopercent.o ABSOLUTE
    ../clib/printf_percent.s                 0x00000000   Number         0  _printf_x.o ABSOLUTE
    ../clib/printf_percent.s                 0x00000000   Number         0  _printf_percent.o ABSOLUTE
    ../clib/printf_percent.s                 0x00000000   Number         0  _printf_percent_end.o ABSOLUTE
    ../clib/signal.c                         0x00000000   Number         0  defsig_rtmem_outer.o ABSOLUTE
    ../clib/signal.c                         0x00000000   Number         0  defsig_rtmem_formal.o ABSOLUTE
    ../clib/signal.c                         0x00000000   Number         0  defsig_exit.o ABSOLUTE
    ../clib/signal.c                         0x00000000   Number         0  defsig_rtmem_inner.o ABSOLUTE
    ../clib/signal.c                         0x00000000   Number         0  __raise.o ABSOLUTE
    ../clib/signal.c                         0x00000000   Number         0  defsig_general.o ABSOLUTE
    ../clib/signal.c                         0x00000000   Number         0  defsig_abrt_inner.o ABSOLUTE
    ../clib/signal.c                         0x00000000   Number         0  defsig_fpe_inner.o ABSOLUTE
    ../clib/signal.c                         0x00000000   Number         0  defsig_rtred_inner.o ABSOLUTE
    ../clib/signal.c                         0x00000000   Number         0  defsig_stak_inner.o ABSOLUTE
    ../clib/signal.c                         0x00000000   Number         0  defsig_pvfn_inner.o ABSOLUTE
    ../clib/signal.c                         0x00000000   Number         0  defsig_cppl_inner.o ABSOLUTE
    ../clib/signal.c                         0x00000000   Number         0  defsig_segv_inner.o ABSOLUTE
    ../clib/signal.c                         0x00000000   Number         0  defsig_other.o ABSOLUTE
    ../clib/signal.s                         0x00000000   Number         0  defsig.o ABSOLUTE
    ../clib/stdio.c                          0x00000000   Number         0  puts.o ABSOLUTE
    ../clib/stdio.c                          0x00000000   Number         0  ferror.o ABSOLUTE
    ../clib/stdio.c                          0x00000000   Number         0  ferror_locked.o ABSOLUTE
    ../clib/stdlib.c                         0x00000000   Number         0  exit.o ABSOLUTE
    ../fplib/fpinit.s                        0x00000000   Number         0  fpinit.o ABSOLUTE
    ../fplib/fpinit_empty.s                  0x00000000   Number         0  fpinit_empty.o ABSOLUTE
    RTE/Device/GD32F130C6/startup_gd32f1x0.s 0x00000000   Number         0  startup_gd32f1x0.o ABSOLUTE
    dc.s                                     0x00000000   Number         0  dc.o ABSOLUTE
    gd32f1x0_adc.c                           0x00000000   Number         0  gd32f1x0_adc.o ABSOLUTE
    gd32f1x0_can.c                           0x00000000   Number         0  gd32f1x0_can.o ABSOLUTE
    gd32f1x0_cec.c                           0x00000000   Number         0  gd32f1x0_cec.o ABSOLUTE
    gd32f1x0_cmp.c                           0x00000000   Number         0  gd32f1x0_cmp.o ABSOLUTE
    gd32f1x0_crc.c                           0x00000000   Number         0  gd32f1x0_crc.o ABSOLUTE
    gd32f1x0_dac.c                           0x00000000   Number         0  gd32f1x0_dac.o ABSOLUTE
    gd32f1x0_dbg.c                           0x00000000   Number         0  gd32f1x0_dbg.o ABSOLUTE
    gd32f1x0_dma.c                           0x00000000   Number         0  gd32f1x0_dma.o ABSOLUTE
    gd32f1x0_exti.c                          0x00000000   Number         0  gd32f1x0_exti.o ABSOLUTE
    gd32f1x0_fmc.c                           0x00000000   Number         0  gd32f1x0_fmc.o ABSOLUTE
    gd32f1x0_fwdgt.c                         0x00000000   Number         0  gd32f1x0_fwdgt.o ABSOLUTE
    gd32f1x0_gpio.c                          0x00000000   Number         0  gd32f1x0_gpio.o ABSOLUTE
    gd32f1x0_i2c.c                           0x00000000   Number         0  gd32f1x0_i2c.o ABSOLUTE
    gd32f1x0_ivref.c                         0x00000000   Number         0  gd32f1x0_ivref.o ABSOLUTE
    gd32f1x0_misc.c                          0x00000000   Number         0  gd32f1x0_misc.o ABSOLUTE
    gd32f1x0_opa.c                           0x00000000   Number         0  gd32f1x0_opa.o ABSOLUTE
    gd32f1x0_pmu.c                           0x00000000   Number         0  gd32f1x0_pmu.o ABSOLUTE
    gd32f1x0_rcu.c                           0x00000000   Number         0  gd32f1x0_rcu.o ABSOLUTE
    gd32f1x0_rtc.c                           0x00000000   Number         0  gd32f1x0_rtc.o ABSOLUTE
    gd32f1x0_slcd.c                          0x00000000   Number         0  gd32f1x0_slcd.o ABSOLUTE
    gd32f1x0_spi.c                           0x00000000   Number         0  gd32f1x0_spi.o ABSOLUTE
    gd32f1x0_syscfg.c                        0x00000000   Number         0  gd32f1x0_syscfg.o ABSOLUTE
    gd32f1x0_timer.c                         0x00000000   Number         0  gd32f1x0_timer.o ABSOLUTE
    gd32f1x0_tsi.c                           0x00000000   Number         0  gd32f1x0_tsi.o ABSOLUTE
    gd32f1x0_usart.c                         0x00000000   Number         0  gd32f1x0_usart.o ABSOLUTE
    gd32f1x0_wwdgt.c                         0x00000000   Number         0  gd32f1x0_wwdgt.o ABSOLUTE
    gd32f1x0r_eval.c                         0x00000000   Number         0  gd32f1x0r_eval.o ABSOLUTE
    main.c                                   0x00000000   Number         0  main.o ABSOLUTE
    system_gd32f1x0.c                        0x00000000   Number         0  system_gd32f1x0.o ABSOLUTE
    RESET                                    0x08000000   Section      360  startup_gd32f1x0.o(RESET)
    !!!main                                  0x08000168   Section        8  __main.o(!!!main)
    !!!scatter                               0x08000170   Section       52  __scatter.o(!!!scatter)
    !!handler_zi                             0x080001a4   Section       28  __scatter_zi.o(!!handler_zi)
    .ARM.Collect$$_printf_percent$$00000000  0x080001c0   Section        0  _printf_percent.o(.ARM.Collect$$_printf_percent$$00000000)
    .ARM.Collect$$_printf_percent$$0000000C  0x080001c0   Section        6  _printf_x.o(.ARM.Collect$$_printf_percent$$0000000C)
    .ARM.Collect$$_printf_percent$$00000017  0x080001c6   Section        4  _printf_percent_end.o(.ARM.Collect$$_printf_percent$$00000017)
    .ARM.Collect$$libinit$$00000000          0x080001ca   Section        2  libinit.o(.ARM.Collect$$libinit$$00000000)
    .ARM.Collect$$libinit$$00000002          0x080001cc   Section        0  libinit2.o(.ARM.Collect$$libinit$$00000002)
    .ARM.Collect$$libinit$$00000004          0x080001cc   Section        0  libinit2.o(.ARM.Collect$$libinit$$00000004)
    .ARM.Collect$$libinit$$00000006          0x080001cc   Section        0  libinit2.o(.ARM.Collect$$libinit$$00000006)
    .ARM.Collect$$libinit$$0000000C          0x080001cc   Section        0  libinit2.o(.ARM.Collect$$libinit$$0000000C)
    .ARM.Collect$$libinit$$0000000E          0x080001cc   Section        0  libinit2.o(.ARM.Collect$$libinit$$0000000E)
    .ARM.Collect$$libinit$$00000010          0x080001cc   Section        0  libinit2.o(.ARM.Collect$$libinit$$00000010)
    .ARM.Collect$$libinit$$00000013          0x080001cc   Section        0  libinit2.o(.ARM.Collect$$libinit$$00000013)
    .ARM.Collect$$libinit$$00000015          0x080001cc   Section        0  libinit2.o(.ARM.Collect$$libinit$$00000015)
    .ARM.Collect$$libinit$$00000017          0x080001cc   Section        0  libinit2.o(.ARM.Collect$$libinit$$00000017)
    .ARM.Collect$$libinit$$00000019          0x080001cc   Section        0  libinit2.o(.ARM.Collect$$libinit$$00000019)
    .ARM.Collect$$libinit$$0000001B          0x080001cc   Section        0  libinit2.o(.ARM.Collect$$libinit$$0000001B)
    .ARM.Collect$$libinit$$0000001D          0x080001cc   Section        0  libinit2.o(.ARM.Collect$$libinit$$0000001D)
    .ARM.Collect$$libinit$$0000001F          0x080001cc   Section        0  libinit2.o(.ARM.Collect$$libinit$$0000001F)
    .ARM.Collect$$libinit$$00000021          0x080001cc   Section        0  libinit2.o(.ARM.Collect$$libinit$$00000021)
    .ARM.Collect$$libinit$$00000023          0x080001cc   Section        0  libinit2.o(.ARM.Collect$$libinit$$00000023)
    .ARM.Collect$$libinit$$00000025          0x080001cc   Section        0  libinit2.o(.ARM.Collect$$libinit$$00000025)
    .ARM.Collect$$libinit$$00000027          0x080001cc   Section        0  libinit2.o(.ARM.Collect$$libinit$$00000027)
    .ARM.Collect$$libinit$$0000002E          0x080001cc   Section        0  libinit2.o(.ARM.Collect$$libinit$$0000002E)
    .ARM.Collect$$libinit$$00000030          0x080001cc   Section        0  libinit2.o(.ARM.Collect$$libinit$$00000030)
    .ARM.Collect$$libinit$$00000032          0x080001cc   Section        0  libinit2.o(.ARM.Collect$$libinit$$00000032)
    .ARM.Collect$$libinit$$00000034          0x080001cc   Section        0  libinit2.o(.ARM.Collect$$libinit$$00000034)
    .ARM.Collect$$libinit$$00000035          0x080001cc   Section        2  libinit2.o(.ARM.Collect$$libinit$$00000035)
    .ARM.Collect$$libshutdown$$00000000      0x080001ce   Section        2  libshutdown.o(.ARM.Collect$$libshutdown$$00000000)
    .ARM.Collect$$libshutdown$$00000002      0x080001d0   Section        0  libshutdown2.o(.ARM.Collect$$libshutdown$$00000002)
    .ARM.Collect$$libshutdown$$00000004      0x080001d0   Section        0  libshutdown2.o(.ARM.Collect$$libshutdown$$00000004)
    .ARM.Collect$$libshutdown$$00000007      0x080001d0   Section        0  libshutdown2.o(.ARM.Collect$$libshutdown$$00000007)
    .ARM.Collect$$libshutdown$$0000000A      0x080001d0   Section        0  libshutdown2.o(.ARM.Collect$$libshutdown$$0000000A)
    .ARM.Collect$$libshutdown$$0000000C      0x080001d0   Section        0  libshutdown2.o(.ARM.Collect$$libshutdown$$0000000C)
    .ARM.Collect$$libshutdown$$0000000F      0x080001d0   Section        0  libshutdown2.o(.ARM.Collect$$libshutdown$$0000000F)
    .ARM.Collect$$libshutdown$$00000010      0x080001d0   Section        2  libshutdown2.o(.ARM.Collect$$libshutdown$$00000010)
    .ARM.Collect$$rtentry$$00000000          0x080001d2   Section        0  __rtentry.o(.ARM.Collect$$rtentry$$00000000)
    .ARM.Collect$$rtentry$$00000002          0x080001d2   Section        0  __rtentry2.o(.ARM.Collect$$rtentry$$00000002)
    .ARM.Collect$$rtentry$$00000004          0x080001d2   Section        6  __rtentry4.o(.ARM.Collect$$rtentry$$00000004)
    .ARM.Collect$$rtentry$$00000009          0x080001d8   Section        0  __rtentry2.o(.ARM.Collect$$rtentry$$00000009)
    .ARM.Collect$$rtentry$$0000000A          0x080001d8   Section        4  __rtentry2.o(.ARM.Collect$$rtentry$$0000000A)
    .ARM.Collect$$rtentry$$0000000C          0x080001dc   Section        0  __rtentry2.o(.ARM.Collect$$rtentry$$0000000C)
    .ARM.Collect$$rtentry$$0000000D          0x080001dc   Section        8  __rtentry2.o(.ARM.Collect$$rtentry$$0000000D)
    .ARM.Collect$$rtexit$$00000000           0x080001e4   Section        2  rtexit.o(.ARM.Collect$$rtexit$$00000000)
    .ARM.Collect$$rtexit$$00000002           0x080001e6   Section        0  rtexit2.o(.ARM.Collect$$rtexit$$00000002)
    .ARM.Collect$$rtexit$$00000003           0x080001e6   Section        4  rtexit2.o(.ARM.Collect$$rtexit$$00000003)
    .ARM.Collect$$rtexit$$00000004           0x080001ea   Section        6  rtexit2.o(.ARM.Collect$$rtexit$$00000004)
    .text                                    0x080001f0   Section       64  startup_gd32f1x0.o(.text)
    .text                                    0x08000230   Section        0  noretval__2printf.o(.text)
    .text                                    0x08000248   Section        0  _printf_pad.o(.text)
    .text                                    0x08000298   Section        0  _printf_hex_int.o(.text)
    .text                                    0x080002f0   Section        0  __printf_flags_wp.o(.text)
    .text                                    0x08000428   Section        0  puts.o(.text)
    .text                                    0x08000454   Section        0  heapauxi.o(.text)
    .text                                    0x0800045a   Section        0  _printf_intcommon.o(.text)
    .text                                    0x0800050c   Section        0  _printf_char_file.o(.text)
    _printf_input_char                       0x08000531   Thumb Code    10  _printf_char_common.o(.text)
    .text                                    0x08000530   Section        0  _printf_char_common.o(.text)
    .text                                    0x08000560   Section        0  ferror.o(.text)
    .text                                    0x08000568   Section       74  sys_stackheap_outer.o(.text)
    .text                                    0x080005b2   Section        0  exit.o(.text)
    .text                                    0x080005c4   Section        8  libspace.o(.text)
    [Anonymous Symbol]                       0x080005cc   Section        0  system_gd32f1x0.o(.text.SystemInit)
    [Anonymous Symbol]                       0x08000718   Section        0  main.o(.text.USART_config)
    [Anonymous Symbol]                       0x080007ac   Section        0  main.o(.text._sys_exit)
    [Anonymous Symbol]                       0x080007b0   Section        0  gd32f1x0_adc.o(.text.adc_calibration_enable)
    [Anonymous Symbol]                       0x08000804   Section        0  gd32f1x0_adc.o(.text.adc_channel_length_config)
    [Anonymous Symbol]                       0x08000858   Section        0  main.o(.text.adc_config)
    [Anonymous Symbol]                       0x080008c8   Section        0  gd32f1x0_adc.o(.text.adc_data_alignment_config)
    [Anonymous Symbol]                       0x080008e4   Section        0  gd32f1x0_adc.o(.text.adc_discontinuous_mode_config)
    [Anonymous Symbol]                       0x08000930   Section        0  gd32f1x0_adc.o(.text.adc_dma_mode_enable)
    [Anonymous Symbol]                       0x08000944   Section        0  gd32f1x0_adc.o(.text.adc_enable)
    [Anonymous Symbol]                       0x08000960   Section        0  gd32f1x0_adc.o(.text.adc_external_trigger_config)
    [Anonymous Symbol]                       0x080009ac   Section        0  gd32f1x0_adc.o(.text.adc_regular_channel_config)
    [Anonymous Symbol]                       0x08000a68   Section        0  gd32f1x0_adc.o(.text.adc_software_trigger_enable)
    [Anonymous Symbol]                       0x08000a8c   Section        0  gd32f1x0_adc.o(.text.adc_special_function_config)
    [Anonymous Symbol]                       0x08000af4   Section        0  gd32f1x0_dma.o(.text.dma_channel_enable)
    [Anonymous Symbol]                       0x08000b0c   Section        0  gd32f1x0_dma.o(.text.dma_circulation_enable)
    [Anonymous Symbol]                       0x08000b24   Section        0  main.o(.text.dma_config)
    [Anonymous Symbol]                       0x08000b9c   Section        0  gd32f1x0_dma.o(.text.dma_deinit)
    [Anonymous Symbol]                       0x08000bcc   Section        0  gd32f1x0_dma.o(.text.dma_memory_address_config)
    [Anonymous Symbol]                       0x08000bdc   Section        0  gd32f1x0_dma.o(.text.dma_memory_increase_enable)
    [Anonymous Symbol]                       0x08000bf4   Section        0  gd32f1x0_dma.o(.text.dma_memory_width_config)
    [Anonymous Symbol]                       0x08000c10   Section        0  gd32f1x0_dma.o(.text.dma_periph_address_config)
    [Anonymous Symbol]                       0x08000c20   Section        0  gd32f1x0_dma.o(.text.dma_periph_increase_disable)
    [Anonymous Symbol]                       0x08000c38   Section        0  gd32f1x0_dma.o(.text.dma_periph_width_config)
    [Anonymous Symbol]                       0x08000c54   Section        0  gd32f1x0_dma.o(.text.dma_priority_config)
    [Anonymous Symbol]                       0x08000c70   Section        0  gd32f1x0_dma.o(.text.dma_transfer_direction_config)
    [Anonymous Symbol]                       0x08000c90   Section        0  gd32f1x0_dma.o(.text.dma_transfer_number_config)
    [Anonymous Symbol]                       0x08000ca0   Section        0  main.o(.text.fputc)
    [Anonymous Symbol]                       0x08000cc8   Section        0  gd32f1x0_gpio.o(.text.gpio_af_set)
    [Anonymous Symbol]                       0x08000d98   Section        0  gd32f1x0_gpio.o(.text.gpio_mode_set)
    [Anonymous Symbol]                       0x08000f0c   Section        0  gd32f1x0_gpio.o(.text.gpio_output_options_set)
    [Anonymous Symbol]                       0x08000fe4   Section        0  main.o(.text.main)
    [Anonymous Symbol]                       0x080010d0   Section        0  gd32f1x0_rcu.o(.text.rcu_adc_clock_config)
    [Anonymous Symbol]                       0x0800112c   Section        0  gd32f1x0_rcu.o(.text.rcu_clock_freq_get)
    [Anonymous Symbol]                       0x08001264   Section        0  gd32f1x0_rcu.o(.text.rcu_periph_clock_enable)
    [Anonymous Symbol]                       0x08001284   Section        0  gd32f1x0_rcu.o(.text.rcu_periph_reset_disable)
    [Anonymous Symbol]                       0x080012a4   Section        0  gd32f1x0_rcu.o(.text.rcu_periph_reset_enable)
    [Anonymous Symbol]                       0x080012c4   Section        0  gd32f1x0_rcu.o(.text.rcu_usart_clock_config)
    [Anonymous Symbol]                       0x080012dc   Section        0  gd32f1x0_usart.o(.text.usart_baudrate_set)
    [Anonymous Symbol]                       0x08001340   Section        0  gd32f1x0_usart.o(.text.usart_data_receive)
    [Anonymous Symbol]                       0x08001348   Section        0  gd32f1x0_usart.o(.text.usart_data_transmit)
    [Anonymous Symbol]                       0x08001350   Section        0  gd32f1x0_usart.o(.text.usart_deinit)
    [Anonymous Symbol]                       0x08001388   Section        0  gd32f1x0_usart.o(.text.usart_enable)
    [Anonymous Symbol]                       0x08001394   Section        0  gd32f1x0_usart.o(.text.usart_flag_get)
    [Anonymous Symbol]                       0x080013a4   Section        0  gd32f1x0_usart.o(.text.usart_receive_config)
    [Anonymous Symbol]                       0x080013b4   Section        0  gd32f1x0_usart.o(.text.usart_transmit_config)
    i._is_digit                              0x080013c4   Section        0  __printf_wp.o(i._is_digit)
    uc_hextab                                0x080013d2   Data          20  _printf_hex_int.o(.constdata)
    .constdata                               0x080013d2   Section       40  _printf_hex_int.o(.constdata)
    lc_hextab                                0x080013e6   Data          20  _printf_hex_int.o(.constdata)
    maptable                                 0x080013fa   Data          17  __printf_flags_wp.o(.constdata)
    .constdata                               0x080013fa   Section       17  __printf_flags_wp.o(.constdata)
    .L__const.rcu_clock_freq_get.apb2_exp    0x0800140b   Data           8  gd32f1x0_rcu.o(.rodata.cst8)
    .L.str.1                                 0x08001413   Data           6  main.o(.rodata.str1.1)
    [Anonymous Symbol]                       0x08001413   Section        0  main.o(.rodata.str1.1)
    .bss                                     0x20000000   Section       96  libspace.o(.bss)
    .L_MergedGlobals                         0x20000060   Data          14  main.o(.bss..L_MergedGlobals)
    main.adc_sum_count                       0x20000060   Data           2  main.o(.bss..L_MergedGlobals)
    [Anonymous Symbol]                       0x20000060   Section        0  main.o(.bss..L_MergedGlobals)
    Heap_Mem                                 0x200000c8   Data        1024  startup_gd32f1x0.o(HEAP)
    HEAP                                     0x200000c8   Section     1024  startup_gd32f1x0.o(HEAP)
    Stack_Mem                                0x200004c8   Data        1024  startup_gd32f1x0.o(STACK)
    STACK                                    0x200004c8   Section     1024  startup_gd32f1x0.o(STACK)
    __initial_sp                             0x200008c8   Data           0  startup_gd32f1x0.o(STACK)

    Global Symbols

    Symbol Name                              Value     Ov Type        Size  Object(Section)

    BuildAttributes$$THM_ISAv4$P$D$K$B$S$PE$A:L22UL41UL21$X:L11$S22US41US21$IEEE1$IW$~IW$USESV6$~STKCKD$USESV7$~SHL$OTIME$ROPI$EBA8$UX$STANDARDLIB$REQ8$PRES8$EABIv2 0x00000000   Number         0  anon$$obj.o ABSOLUTE
    __fp_init_empty                          0x00000000   Number         0  fpinit_empty.o ABSOLUTE
    _printf_flags                            0x00000000   Number         0  printf_stubs.o ABSOLUTE
    _printf_return_value                     0x00000000   Number         0  printf_stubs.o ABSOLUTE
    _printf_sizespec                         0x00000000   Number         0  printf_stubs.o ABSOLUTE
    _printf_widthprec                        0x00000000   Number         0  printf_stubs.o ABSOLUTE
    __ARM_exceptions_init                     - Undefined Weak Reference
    __alloca_initialize                       - Undefined Weak Reference
    __arm_preinit_                            - Undefined Weak Reference
    __arm_relocate_pie_                       - Undefined Weak Reference
    __cpp_initialize__aeabi_                  - Undefined Weak Reference
    __cxa_finalize                            - Undefined Weak Reference
    __rt_locale                               - Undefined Weak Reference
    __sigvec_lookup                           - Undefined Weak Reference
    _atexit_init                              - Undefined Weak Reference
    _call_atexit_fns                          - Undefined Weak Reference
    _clock_init                               - Undefined Weak Reference
    _fp_trap_init                             - Undefined Weak Reference
    _fp_trap_shutdown                         - Undefined Weak Reference
    _get_lc_collate                           - Undefined Weak Reference
    _get_lc_ctype                             - Undefined Weak Reference
    _get_lc_monetary                          - Undefined Weak Reference
    _get_lc_numeric                           - Undefined Weak Reference
    _get_lc_time                              - Undefined Weak Reference
    _getenv_init                              - Undefined Weak Reference
    _handle_redirection                       - Undefined Weak Reference
    _init_alloc                               - Undefined Weak Reference
    _init_user_alloc                          - Undefined Weak Reference
    _initio                                   - Undefined Weak Reference
    _mutex_acquire                            - Undefined Weak Reference
    _mutex_release                            - Undefined Weak Reference
    _printf_truncate_unsigned                 - Undefined Weak Reference
    _rand_init                                - Undefined Weak Reference
    _signal_finish                            - Undefined Weak Reference
    _signal_init                              - Undefined Weak Reference
    _terminate_alloc                          - Undefined Weak Reference
    _terminate_user_alloc                     - Undefined Weak Reference
    _terminateio                              - Undefined Weak Reference
    __Vectors_Size                           0x00000168   Number         0  startup_gd32f1x0.o ABSOLUTE
    __Vectors                                0x08000000   Data           4  startup_gd32f1x0.o(RESET)
    __Vectors_End                            0x08000168   Data           0  startup_gd32f1x0.o(RESET)
    __main                                   0x08000169   Thumb Code     8  __main.o(!!!main)
    __scatterload                            0x08000171   Thumb Code     0  __scatter.o(!!!scatter)
    __scatterload_rt2                        0x08000171   Thumb Code    44  __scatter.o(!!!scatter)
    __scatterload_rt2_thumb_only             0x08000171   Thumb Code     0  __scatter.o(!!!scatter)
    __scatterload_null                       0x0800017f   Thumb Code     0  __scatter.o(!!!scatter)
    __scatterload_zeroinit                   0x080001a5   Thumb Code    28  __scatter_zi.o(!!handler_zi)
    _printf_percent                          0x080001c1   Thumb Code     0  _printf_percent.o(.ARM.Collect$$_printf_percent$$00000000)
    _printf_x                                0x080001c1   Thumb Code     0  _printf_x.o(.ARM.Collect$$_printf_percent$$0000000C)
    _printf_percent_end                      0x080001c7   Thumb Code     0  _printf_percent_end.o(.ARM.Collect$$_printf_percent$$00000017)
    __rt_lib_init                            0x080001cb   Thumb Code     0  libinit.o(.ARM.Collect$$libinit$$00000000)
    __rt_lib_init_alloca_1                   0x080001cd   Thumb Code     0  libinit2.o(.ARM.Collect$$libinit$$00000030)
    __rt_lib_init_argv_1                     0x080001cd   Thumb Code     0  libinit2.o(.ARM.Collect$$libinit$$0000002E)
    __rt_lib_init_atexit_1                   0x080001cd   Thumb Code     0  libinit2.o(.ARM.Collect$$libinit$$0000001D)
    __rt_lib_init_clock_1                    0x080001cd   Thumb Code     0  libinit2.o(.ARM.Collect$$libinit$$00000023)
    __rt_lib_init_cpp_1                      0x080001cd   Thumb Code     0  libinit2.o(.ARM.Collect$$libinit$$00000034)
    __rt_lib_init_exceptions_1               0x080001cd   Thumb Code     0  libinit2.o(.ARM.Collect$$libinit$$00000032)
    __rt_lib_init_fp_1                       0x080001cd   Thumb Code     0  libinit2.o(.ARM.Collect$$libinit$$00000002)
    __rt_lib_init_fp_trap_1                  0x080001cd   Thumb Code     0  libinit2.o(.ARM.Collect$$libinit$$00000021)
    __rt_lib_init_getenv_1                   0x080001cd   Thumb Code     0  libinit2.o(.ARM.Collect$$libinit$$00000025)
    __rt_lib_init_heap_1                     0x080001cd   Thumb Code     0  libinit2.o(.ARM.Collect$$libinit$$0000000C)
    __rt_lib_init_lc_collate_1               0x080001cd   Thumb Code     0  libinit2.o(.ARM.Collect$$libinit$$00000013)
    __rt_lib_init_lc_ctype_1                 0x080001cd   Thumb Code     0  libinit2.o(.ARM.Collect$$libinit$$00000015)
    __rt_lib_init_lc_monetary_1              0x080001cd   Thumb Code     0  libinit2.o(.ARM.Collect$$libinit$$00000017)
    __rt_lib_init_lc_numeric_1               0x080001cd   Thumb Code     0  libinit2.o(.ARM.Collect$$libinit$$00000019)
    __rt_lib_init_lc_time_1                  0x080001cd   Thumb Code     0  libinit2.o(.ARM.Collect$$libinit$$0000001B)
    __rt_lib_init_preinit_1                  0x080001cd   Thumb Code     0  libinit2.o(.ARM.Collect$$libinit$$00000006)
    __rt_lib_init_rand_1                     0x080001cd   Thumb Code     0  libinit2.o(.ARM.Collect$$libinit$$00000010)
    __rt_lib_init_relocate_pie_1             0x080001cd   Thumb Code     0  libinit2.o(.ARM.Collect$$libinit$$00000004)
    __rt_lib_init_return                     0x080001cd   Thumb Code     0  libinit2.o(.ARM.Collect$$libinit$$00000035)
    __rt_lib_init_signal_1                   0x080001cd   Thumb Code     0  libinit2.o(.ARM.Collect$$libinit$$0000001F)
    __rt_lib_init_stdio_1                    0x080001cd   Thumb Code     0  libinit2.o(.ARM.Collect$$libinit$$00000027)
    __rt_lib_init_user_alloc_1               0x080001cd   Thumb Code     0  libinit2.o(.ARM.Collect$$libinit$$0000000E)
    __rt_lib_shutdown                        0x080001cf   Thumb Code     0  libshutdown.o(.ARM.Collect$$libshutdown$$00000000)
    __rt_lib_shutdown_cpp_1                  0x080001d1   Thumb Code     0  libshutdown2.o(.ARM.Collect$$libshutdown$$00000002)
    __rt_lib_shutdown_fp_trap_1              0x080001d1   Thumb Code     0  libshutdown2.o(.ARM.Collect$$libshutdown$$00000007)
    __rt_lib_shutdown_heap_1                 0x080001d1   Thumb Code     0  libshutdown2.o(.ARM.Collect$$libshutdown$$0000000F)
    __rt_lib_shutdown_return                 0x080001d1   Thumb Code     0  libshutdown2.o(.ARM.Collect$$libshutdown$$00000010)
    __rt_lib_shutdown_signal_1               0x080001d1   Thumb Code     0  libshutdown2.o(.ARM.Collect$$libshutdown$$0000000A)
    __rt_lib_shutdown_stdio_1                0x080001d1   Thumb Code     0  libshutdown2.o(.ARM.Collect$$libshutdown$$00000004)
    __rt_lib_shutdown_user_alloc_1           0x080001d1   Thumb Code     0  libshutdown2.o(.ARM.Collect$$libshutdown$$0000000C)
    __rt_entry                               0x080001d3   Thumb Code     0  __rtentry.o(.ARM.Collect$$rtentry$$00000000)
    __rt_entry_presh_1                       0x080001d3   Thumb Code     0  __rtentry2.o(.ARM.Collect$$rtentry$$00000002)
    __rt_entry_sh                            0x080001d3   Thumb Code     0  __rtentry4.o(.ARM.Collect$$rtentry$$00000004)
    __rt_entry_li                            0x080001d9   Thumb Code     0  __rtentry2.o(.ARM.Collect$$rtentry$$0000000A)
    __rt_entry_postsh_1                      0x080001d9   Thumb Code     0  __rtentry2.o(.ARM.Collect$$rtentry$$00000009)
    __rt_entry_main                          0x080001dd   Thumb Code     0  __rtentry2.o(.ARM.Collect$$rtentry$$0000000D)
    __rt_entry_postli_1                      0x080001dd   Thumb Code     0  __rtentry2.o(.ARM.Collect$$rtentry$$0000000C)
    __rt_exit                                0x080001e5   Thumb Code     0  rtexit.o(.ARM.Collect$$rtexit$$00000000)
    __rt_exit_ls                             0x080001e7   Thumb Code     0  rtexit2.o(.ARM.Collect$$rtexit$$00000003)
    __rt_exit_prels_1                        0x080001e7   Thumb Code     0  rtexit2.o(.ARM.Collect$$rtexit$$00000002)
    __rt_exit_exit                           0x080001eb   Thumb Code     0  rtexit2.o(.ARM.Collect$$rtexit$$00000004)
    Reset_Handler                            0x080001f1   Thumb Code     8  startup_gd32f1x0.o(.text)
    NMI_Handler                              0x080001f9   Thumb Code     2  startup_gd32f1x0.o(.text)
    HardFault_Handler                        0x080001fb   Thumb Code     2  startup_gd32f1x0.o(.text)
    MemManage_Handler                        0x080001fd   Thumb Code     2  startup_gd32f1x0.o(.text)
    BusFault_Handler                         0x080001ff   Thumb Code     2  startup_gd32f1x0.o(.text)
    UsageFault_Handler                       0x08000201   Thumb Code     2  startup_gd32f1x0.o(.text)
    SVC_Handler                              0x08000203   Thumb Code     2  startup_gd32f1x0.o(.text)
    DebugMon_Handler                         0x08000205   Thumb Code     2  startup_gd32f1x0.o(.text)
    PendSV_Handler                           0x08000207   Thumb Code     2  startup_gd32f1x0.o(.text)
    SysTick_Handler                          0x08000209   Thumb Code     2  startup_gd32f1x0.o(.text)
    ADC_CMP_IRQHandler                       0x0800020b   Thumb Code     0  startup_gd32f1x0.o(.text)
    CAN0_RX0_IRQHandler                      0x0800020b   Thumb Code     0  startup_gd32f1x0.o(.text)
    CAN0_RX1_IRQHandler                      0x0800020b   Thumb Code     0  startup_gd32f1x0.o(.text)
    CAN0_SCE_IRQHandler                      0x0800020b   Thumb Code     0  startup_gd32f1x0.o(.text)
    CAN0_TX_IRQHandler                       0x0800020b   Thumb Code     0  startup_gd32f1x0.o(.text)
    CAN1_RX0_IRQHandler                      0x0800020b   Thumb Code     0  startup_gd32f1x0.o(.text)
    CAN1_RX1_IRQHandler                      0x0800020b   Thumb Code     0  startup_gd32f1x0.o(.text)
    CAN1_SCE_IRQHandler                      0x0800020b   Thumb Code     0  startup_gd32f1x0.o(.text)
    CAN1_TX_IRQHandler                       0x0800020b   Thumb Code     0  startup_gd32f1x0.o(.text)
    CEC_IRQHandler                           0x0800020b   Thumb Code     0  startup_gd32f1x0.o(.text)
    DMA_Channel0_IRQHandler                  0x0800020b   Thumb Code     0  startup_gd32f1x0.o(.text)
    DMA_Channel1_2_IRQHandler                0x0800020b   Thumb Code     0  startup_gd32f1x0.o(.text)
    DMA_Channel3_4_IRQHandler                0x0800020b   Thumb Code     0  startup_gd32f1x0.o(.text)
    DMA_Channel5_6_IRQHandler                0x0800020b   Thumb Code     0  startup_gd32f1x0.o(.text)
    EXTI0_1_IRQHandler                       0x0800020b   Thumb Code     0  startup_gd32f1x0.o(.text)
    EXTI2_3_IRQHandler                       0x0800020b   Thumb Code     0  startup_gd32f1x0.o(.text)
    EXTI4_15_IRQHandler                      0x0800020b   Thumb Code     0  startup_gd32f1x0.o(.text)
    FMC_IRQHandler                           0x0800020b   Thumb Code     0  startup_gd32f1x0.o(.text)
    I2C0_ER_IRQHandler                       0x0800020b   Thumb Code     0  startup_gd32f1x0.o(.text)
    I2C0_EV_IRQHandler                       0x0800020b   Thumb Code     0  startup_gd32f1x0.o(.text)
    I2C1_ER_IRQHandler                       0x0800020b   Thumb Code     0  startup_gd32f1x0.o(.text)
    I2C1_EV_IRQHandler                       0x0800020b   Thumb Code     0  startup_gd32f1x0.o(.text)
    I2C2_ER_IRQHandler                       0x0800020b   Thumb Code     0  startup_gd32f1x0.o(.text)
    I2C2_EV_IRQHandler                       0x0800020b   Thumb Code     0  startup_gd32f1x0.o(.text)
    LVD_IRQHandler                           0x0800020b   Thumb Code     0  startup_gd32f1x0.o(.text)
    RCU_IRQHandler                           0x0800020b   Thumb Code     0  startup_gd32f1x0.o(.text)
    RTC_IRQHandler                           0x0800020b   Thumb Code     0  startup_gd32f1x0.o(.text)
    SLCD_IRQHandler                          0x0800020b   Thumb Code     0  startup_gd32f1x0.o(.text)
    SPI0_IRQHandler                          0x0800020b   Thumb Code     0  startup_gd32f1x0.o(.text)
    SPI1_IRQHandler                          0x0800020b   Thumb Code     0  startup_gd32f1x0.o(.text)
    SPI2_IRQHandler                          0x0800020b   Thumb Code     0  startup_gd32f1x0.o(.text)
    TIMER0_BRK_UP_TRG_COM_IRQHandler         0x0800020b   Thumb Code     0  startup_gd32f1x0.o(.text)
    TIMER0_Channel_IRQHandler                0x0800020b   Thumb Code     0  startup_gd32f1x0.o(.text)
    TIMER13_IRQHandler                       0x0800020b   Thumb Code     0  startup_gd32f1x0.o(.text)
    TIMER14_IRQHandler                       0x0800020b   Thumb Code     0  startup_gd32f1x0.o(.text)
    TIMER15_IRQHandler                       0x0800020b   Thumb Code     0  startup_gd32f1x0.o(.text)
    TIMER16_IRQHandler                       0x0800020b   Thumb Code     0  startup_gd32f1x0.o(.text)
    TIMER1_IRQHandler                        0x0800020b   Thumb Code     0  startup_gd32f1x0.o(.text)
    TIMER2_IRQHandler                        0x0800020b   Thumb Code     0  startup_gd32f1x0.o(.text)
    TIMER5_DAC_IRQHandler                    0x0800020b   Thumb Code     0  startup_gd32f1x0.o(.text)
    TSI_IRQHandler                           0x0800020b   Thumb Code     0  startup_gd32f1x0.o(.text)
    USART0_IRQHandler                        0x0800020b   Thumb Code     0  startup_gd32f1x0.o(.text)
    USART1_IRQHandler                        0x0800020b   Thumb Code     0  startup_gd32f1x0.o(.text)
    USBDWakeUp_IRQHandler                    0x0800020b   Thumb Code     0  startup_gd32f1x0.o(.text)
    USBD_HP_IRQHandler                       0x0800020b   Thumb Code     0  startup_gd32f1x0.o(.text)
    USBD_LP_IRQHandler                       0x0800020b   Thumb Code     0  startup_gd32f1x0.o(.text)
    WWDGT_IRQHandler                         0x0800020b   Thumb Code     0  startup_gd32f1x0.o(.text)
    __user_initial_stackheap                 0x0800020d   Thumb Code    10  startup_gd32f1x0.o(.text)
    __2printf                                0x08000231   Thumb Code    20  noretval__2printf.o(.text)
    _printf_pre_padding                      0x08000249   Thumb Code    44  _printf_pad.o(.text)
    _printf_post_padding                     0x08000275   Thumb Code    34  _printf_pad.o(.text)
    _printf_int_hex                          0x08000299   Thumb Code    84  _printf_hex_int.o(.text)
    _printf_longlong_hex                     0x08000299   Thumb Code     0  _printf_hex_int.o(.text)
    __printf                                 0x080002f1   Thumb Code   308  __printf_flags_wp.o(.text)
    puts                                     0x08000429   Thumb Code    40  puts.o(.text)
    __use_two_region_memory                  0x08000455   Thumb Code     2  heapauxi.o(.text)
    __rt_heap_escrow$2region                 0x08000457   Thumb Code     2  heapauxi.o(.text)
    __rt_heap_expand$2region                 0x08000459   Thumb Code     2  heapauxi.o(.text)
    _printf_int_common                       0x0800045b   Thumb Code   178  _printf_intcommon.o(.text)
    _printf_char_file                        0x0800050d   Thumb Code    32  _printf_char_file.o(.text)
    _printf_char_common                      0x0800053b   Thumb Code    32  _printf_char_common.o(.text)
    ferror                                   0x08000561   Thumb Code     8  ferror.o(.text)
    __user_setup_stackheap                   0x08000569   Thumb Code    74  sys_stackheap_outer.o(.text)
    exit                                     0x080005b3   Thumb Code    18  exit.o(.text)
    __user_libspace                          0x080005c5   Thumb Code     8  libspace.o(.text)
    __user_perproc_libspace                  0x080005c5   Thumb Code     0  libspace.o(.text)
    __user_perthread_libspace                0x080005c5   Thumb Code     0  libspace.o(.text)
    SystemInit                               0x080005cd   Thumb Code   330  system_gd32f1x0.o(.text.SystemInit)
    USART_config                             0x08000719   Thumb Code   148  main.o(.text.USART_config)
    _sys_exit                                0x080007ad   Thumb Code     2  main.o(.text._sys_exit)
    adc_calibration_enable                   0x080007b1   Thumb Code    82  gd32f1x0_adc.o(.text.adc_calibration_enable)
    adc_channel_length_config                0x08000805   Thumb Code    84  gd32f1x0_adc.o(.text.adc_channel_length_config)
    adc_config                               0x08000859   Thumb Code   110  main.o(.text.adc_config)
    adc_data_alignment_config                0x080008c9   Thumb Code    26  gd32f1x0_adc.o(.text.adc_data_alignment_config)
    adc_discontinuous_mode_config            0x080008e5   Thumb Code    76  gd32f1x0_adc.o(.text.adc_discontinuous_mode_config)
    adc_dma_mode_enable                      0x08000931   Thumb Code    18  gd32f1x0_adc.o(.text.adc_dma_mode_enable)
    adc_enable                               0x08000945   Thumb Code    26  gd32f1x0_adc.o(.text.adc_enable)
    adc_external_trigger_config              0x08000961   Thumb Code    74  gd32f1x0_adc.o(.text.adc_external_trigger_config)
    adc_regular_channel_config               0x080009ad   Thumb Code   186  gd32f1x0_adc.o(.text.adc_regular_channel_config)
    adc_software_trigger_enable              0x08000a69   Thumb Code    36  gd32f1x0_adc.o(.text.adc_software_trigger_enable)
    adc_special_function_config              0x08000a8d   Thumb Code   102  gd32f1x0_adc.o(.text.adc_special_function_config)
    dma_channel_enable                       0x08000af5   Thumb Code    24  gd32f1x0_dma.o(.text.dma_channel_enable)
    dma_circulation_enable                   0x08000b0d   Thumb Code    24  gd32f1x0_dma.o(.text.dma_circulation_enable)
    dma_config                               0x08000b25   Thumb Code   120  main.o(.text.dma_config)
    dma_deinit                               0x08000b9d   Thumb Code    48  gd32f1x0_dma.o(.text.dma_deinit)
    dma_memory_address_config                0x08000bcd   Thumb Code    16  gd32f1x0_dma.o(.text.dma_memory_address_config)
    dma_memory_increase_enable               0x08000bdd   Thumb Code    24  gd32f1x0_dma.o(.text.dma_memory_increase_enable)
    dma_memory_width_config                  0x08000bf5   Thumb Code    26  gd32f1x0_dma.o(.text.dma_memory_width_config)
    dma_periph_address_config                0x08000c11   Thumb Code    16  gd32f1x0_dma.o(.text.dma_periph_address_config)
    dma_periph_increase_disable              0x08000c21   Thumb Code    24  gd32f1x0_dma.o(.text.dma_periph_increase_disable)
    dma_periph_width_config                  0x08000c39   Thumb Code    26  gd32f1x0_dma.o(.text.dma_periph_width_config)
    dma_priority_config                      0x08000c55   Thumb Code    26  gd32f1x0_dma.o(.text.dma_priority_config)
    dma_transfer_direction_config            0x08000c71   Thumb Code    30  gd32f1x0_dma.o(.text.dma_transfer_direction_config)
    dma_transfer_number_config               0x08000c91   Thumb Code    16  gd32f1x0_dma.o(.text.dma_transfer_number_config)
    fputc                                    0x08000ca1   Thumb Code    38  main.o(.text.fputc)
    gpio_af_set                              0x08000cc9   Thumb Code   208  gd32f1x0_gpio.o(.text.gpio_af_set)
    gpio_mode_set                            0x08000d99   Thumb Code   372  gd32f1x0_gpio.o(.text.gpio_mode_set)
    gpio_output_options_set                  0x08000f0d   Thumb Code   216  gd32f1x0_gpio.o(.text.gpio_output_options_set)
    main                                     0x08000fe5   Thumb Code   220  main.o(.text.main)
    rcu_adc_clock_config                     0x080010d1   Thumb Code    90  gd32f1x0_rcu.o(.text.rcu_adc_clock_config)
    rcu_clock_freq_get                       0x0800112d   Thumb Code   296  gd32f1x0_rcu.o(.text.rcu_clock_freq_get)
    rcu_periph_clock_enable                  0x08001265   Thumb Code    30  gd32f1x0_rcu.o(.text.rcu_periph_clock_enable)
    rcu_periph_reset_disable                 0x08001285   Thumb Code    32  gd32f1x0_rcu.o(.text.rcu_periph_reset_disable)
    rcu_periph_reset_enable                  0x080012a5   Thumb Code    30  gd32f1x0_rcu.o(.text.rcu_periph_reset_enable)
    rcu_usart_clock_config                   0x080012c5   Thumb Code    24  gd32f1x0_rcu.o(.text.rcu_usart_clock_config)
    usart_baudrate_set                       0x080012dd   Thumb Code    98  gd32f1x0_usart.o(.text.usart_baudrate_set)
    usart_data_receive                       0x08001341   Thumb Code     8  gd32f1x0_usart.o(.text.usart_data_receive)
    usart_data_transmit                      0x08001349   Thumb Code     8  gd32f1x0_usart.o(.text.usart_data_transmit)
    usart_deinit                             0x08001351   Thumb Code    56  gd32f1x0_usart.o(.text.usart_deinit)
    usart_enable                             0x08001389   Thumb Code    10  gd32f1x0_usart.o(.text.usart_enable)
    usart_flag_get                           0x08001395   Thumb Code    16  gd32f1x0_usart.o(.text.usart_flag_get)
    usart_receive_config                     0x080013a5   Thumb Code    16  gd32f1x0_usart.o(.text.usart_receive_config)
    usart_transmit_config                    0x080013b5   Thumb Code    16  gd32f1x0_usart.o(.text.usart_transmit_config)
    _is_digit                                0x080013c5   Thumb Code    14  __printf_wp.o(i._is_digit)
    Region$$Table$$Base                      0x0800141c   Number         0  anon$$obj.o(Region$$Table)
    Region$$Table$$Limit                     0x0800142c   Number         0  anon$$obj.o(Region$$Table)
    __libspace_start                         0x20000000   Data          96  libspace.o(.bss)
    __temporary_stack_top$libspace           0x20000060   Data           0  libspace.o(.bss)
    adc_value                                0x20000062   Data          12  main.o(.bss..L_MergedGlobals)
    __stdout                                 0x20000070   Data          84  main.o(.bss.__stdout)



==============================================================================

Memory Map of the image

  Image Entry point : 0x08000169

  Load Region LR_IROM1 (Base: 0x08000000, Size: 0x0000142c, Max: 0x00008000, ABSOLUTE)

    Execution Region ER_IROM1 (Exec base: 0x08000000, Load base: 0x08000000, Size: 0x0000142c, Max: 0x00008000, ABSOLUTE)

    Exec Addr    Load Addr    Size         Type   Attr      Idx    E Section Name        Object

    0x08000000   0x08000000   0x00000168   Data   RO         1295    RESET               startup_gd32f1x0.o
    0x08000168   0x08000168   0x00000008   Code   RO         1372  * !!!main             c_w.l(__main.o)
    0x08000170   0x08000170   0x00000034   Code   RO         1546    !!!scatter          c_w.l(__scatter.o)
    0x080001a4   0x080001a4   0x0000001c   Code   RO         1548    !!handler_zi        c_w.l(__scatter_zi.o)
    0x080001c0   0x080001c0   0x00000000   Code   RO         1367    .ARM.Collect$$_printf_percent$$00000000  c_w.l(_printf_percent.o)
    0x080001c0   0x080001c0   0x00000006   Code   RO         1366    .ARM.Collect$$_printf_percent$$0000000C  c_w.l(_printf_x.o)
    0x080001c6   0x080001c6   0x00000004   Code   RO         1379    .ARM.Collect$$_printf_percent$$00000017  c_w.l(_printf_percent_end.o)
    0x080001ca   0x080001ca   0x00000002   Code   RO         1412    .ARM.Collect$$libinit$$00000000  c_w.l(libinit.o)
    0x080001cc   0x080001cc   0x00000000   Code   RO         1419    .ARM.Collect$$libinit$$00000002  c_w.l(libinit2.o)
    0x080001cc   0x080001cc   0x00000000   Code   RO         1421    .ARM.Collect$$libinit$$00000004  c_w.l(libinit2.o)
    0x080001cc   0x080001cc   0x00000000   Code   RO         1423    .ARM.Collect$$libinit$$00000006  c_w.l(libinit2.o)
    0x080001cc   0x080001cc   0x00000000   Code   RO         1426    .ARM.Collect$$libinit$$0000000C  c_w.l(libinit2.o)
    0x080001cc   0x080001cc   0x00000000   Code   RO         1428    .ARM.Collect$$libinit$$0000000E  c_w.l(libinit2.o)
    0x080001cc   0x080001cc   0x00000000   Code   RO         1430    .ARM.Collect$$libinit$$00000010  c_w.l(libinit2.o)
    0x080001cc   0x080001cc   0x00000000   Code   RO         1433    .ARM.Collect$$libinit$$00000013  c_w.l(libinit2.o)
    0x080001cc   0x080001cc   0x00000000   Code   RO         1435    .ARM.Collect$$libinit$$00000015  c_w.l(libinit2.o)
    0x080001cc   0x080001cc   0x00000000   Code   RO         1437    .ARM.Collect$$libinit$$00000017  c_w.l(libinit2.o)
    0x080001cc   0x080001cc   0x00000000   Code   RO         1439    .ARM.Collect$$libinit$$00000019  c_w.l(libinit2.o)
    0x080001cc   0x080001cc   0x00000000   Code   RO         1441    .ARM.Collect$$libinit$$0000001B  c_w.l(libinit2.o)
    0x080001cc   0x080001cc   0x00000000   Code   RO         1443    .ARM.Collect$$libinit$$0000001D  c_w.l(libinit2.o)
    0x080001cc   0x080001cc   0x00000000   Code   RO         1445    .ARM.Collect$$libinit$$0000001F  c_w.l(libinit2.o)
    0x080001cc   0x080001cc   0x00000000   Code   RO         1447    .ARM.Collect$$libinit$$00000021  c_w.l(libinit2.o)
    0x080001cc   0x080001cc   0x00000000   Code   RO         1449    .ARM.Collect$$libinit$$00000023  c_w.l(libinit2.o)
    0x080001cc   0x080001cc   0x00000000   Code   RO         1451    .ARM.Collect$$libinit$$00000025  c_w.l(libinit2.o)
    0x080001cc   0x080001cc   0x00000000   Code   RO         1453    .ARM.Collect$$libinit$$00000027  c_w.l(libinit2.o)
    0x080001cc   0x080001cc   0x00000000   Code   RO         1457    .ARM.Collect$$libinit$$0000002E  c_w.l(libinit2.o)
    0x080001cc   0x080001cc   0x00000000   Code   RO         1459    .ARM.Collect$$libinit$$00000030  c_w.l(libinit2.o)
    0x080001cc   0x080001cc   0x00000000   Code   RO         1461    .ARM.Collect$$libinit$$00000032  c_w.l(libinit2.o)
    0x080001cc   0x080001cc   0x00000000   Code   RO         1463    .ARM.Collect$$libinit$$00000034  c_w.l(libinit2.o)
    0x080001cc   0x080001cc   0x00000002   Code   RO         1464    .ARM.Collect$$libinit$$00000035  c_w.l(libinit2.o)
    0x080001ce   0x080001ce   0x00000002   Code   RO         1482    .ARM.Collect$$libshutdown$$00000000  c_w.l(libshutdown.o)
    0x080001d0   0x080001d0   0x00000000   Code   RO         1494    .ARM.Collect$$libshutdown$$00000002  c_w.l(libshutdown2.o)
    0x080001d0   0x080001d0   0x00000000   Code   RO         1496    .ARM.Collect$$libshutdown$$00000004  c_w.l(libshutdown2.o)
    0x080001d0   0x080001d0   0x00000000   Code   RO         1499    .ARM.Collect$$libshutdown$$00000007  c_w.l(libshutdown2.o)
    0x080001d0   0x080001d0   0x00000000   Code   RO         1502    .ARM.Collect$$libshutdown$$0000000A  c_w.l(libshutdown2.o)
    0x080001d0   0x080001d0   0x00000000   Code   RO         1504    .ARM.Collect$$libshutdown$$0000000C  c_w.l(libshutdown2.o)
    0x080001d0   0x080001d0   0x00000000   Code   RO         1507    .ARM.Collect$$libshutdown$$0000000F  c_w.l(libshutdown2.o)
    0x080001d0   0x080001d0   0x00000002   Code   RO         1508    .ARM.Collect$$libshutdown$$00000010  c_w.l(libshutdown2.o)
    0x080001d2   0x080001d2   0x00000000   Code   RO         1374    .ARM.Collect$$rtentry$$00000000  c_w.l(__rtentry.o)
    0x080001d2   0x080001d2   0x00000000   Code   RO         1381    .ARM.Collect$$rtentry$$00000002  c_w.l(__rtentry2.o)
    0x080001d2   0x080001d2   0x00000006   Code   RO         1393    .ARM.Collect$$rtentry$$00000004  c_w.l(__rtentry4.o)
    0x080001d8   0x080001d8   0x00000000   Code   RO         1383    .ARM.Collect$$rtentry$$00000009  c_w.l(__rtentry2.o)
    0x080001d8   0x080001d8   0x00000004   Code   RO         1384    .ARM.Collect$$rtentry$$0000000A  c_w.l(__rtentry2.o)
    0x080001dc   0x080001dc   0x00000000   Code   RO         1386    .ARM.Collect$$rtentry$$0000000C  c_w.l(__rtentry2.o)
    0x080001dc   0x080001dc   0x00000008   Code   RO         1387    .ARM.Collect$$rtentry$$0000000D  c_w.l(__rtentry2.o)
    0x080001e4   0x080001e4   0x00000002   Code   RO         1416    .ARM.Collect$$rtexit$$00000000  c_w.l(rtexit.o)
    0x080001e6   0x080001e6   0x00000000   Code   RO         1466    .ARM.Collect$$rtexit$$00000002  c_w.l(rtexit2.o)
    0x080001e6   0x080001e6   0x00000004   Code   RO         1467    .ARM.Collect$$rtexit$$00000003  c_w.l(rtexit2.o)
    0x080001ea   0x080001ea   0x00000006   Code   RO         1468    .ARM.Collect$$rtexit$$00000004  c_w.l(rtexit2.o)
    0x080001f0   0x080001f0   0x00000040   Code   RO         1296    .text               startup_gd32f1x0.o
    0x08000230   0x08000230   0x00000018   Code   RO         1319    .text               c_w.l(noretval__2printf.o)
    0x08000248   0x08000248   0x0000004e   Code   RO         1323    .text               c_w.l(_printf_pad.o)
    0x08000296   0x08000296   0x00000002   PAD
    0x08000298   0x08000298   0x00000058   Code   RO         1328    .text               c_w.l(_printf_hex_int.o)
    0x080002f0   0x080002f0   0x00000138   Code   RO         1358    .text               c_w.l(__printf_flags_wp.o)
    0x08000428   0x08000428   0x0000002c   Code   RO         1368    .text               c_w.l(puts.o)
    0x08000454   0x08000454   0x00000006   Code   RO         1370    .text               c_w.l(heapauxi.o)
    0x0800045a   0x0800045a   0x000000b2   Code   RO         1375    .text               c_w.l(_printf_intcommon.o)
    0x0800050c   0x0800050c   0x00000024   Code   RO         1377    .text               c_w.l(_printf_char_file.o)
    0x08000530   0x08000530   0x00000030   Code   RO         1395    .text               c_w.l(_printf_char_common.o)
    0x08000560   0x08000560   0x00000008   Code   RO         1397    .text               c_w.l(ferror.o)
    0x08000568   0x08000568   0x0000004a   Code   RO         1401    .text               c_w.l(sys_stackheap_outer.o)
    0x080005b2   0x080005b2   0x00000012   Code   RO         1405    .text               c_w.l(exit.o)
    0x080005c4   0x080005c4   0x00000008   Code   RO         1413    .text               c_w.l(libspace.o)
    0x080005cc   0x080005cc   0x0000014a   Code   RO         1303    .text.SystemInit    system_gd32f1x0.o
    0x08000716   0x08000716   0x00000002   PAD
    0x08000718   0x08000718   0x00000094   Code   RO            6    .text.USART_config  main.o
    0x080007ac   0x080007ac   0x00000002   Code   RO            4    .text._sys_exit     main.o
    0x080007ae   0x080007ae   0x00000002   PAD
    0x080007b0   0x080007b0   0x00000052   Code   RO           34    .text.adc_calibration_enable  gd32f1x0_adc.o
    0x08000802   0x08000802   0x00000002   PAD
    0x08000804   0x08000804   0x00000054   Code   RO           54    .text.adc_channel_length_config  gd32f1x0_adc.o
    0x08000858   0x08000858   0x0000006e   Code   RO           10    .text.adc_config    main.o
    0x080008c6   0x080008c6   0x00000002   PAD
    0x080008c8   0x080008c8   0x0000001a   Code   RO           52    .text.adc_data_alignment_config  gd32f1x0_adc.o
    0x080008e2   0x080008e2   0x00000002   PAD
    0x080008e4   0x080008e4   0x0000004c   Code   RO           48    .text.adc_discontinuous_mode_config  gd32f1x0_adc.o
    0x08000930   0x08000930   0x00000012   Code   RO           36    .text.adc_dma_mode_enable  gd32f1x0_adc.o
    0x08000942   0x08000942   0x00000002   PAD
    0x08000944   0x08000944   0x0000001a   Code   RO           30    .text.adc_enable    gd32f1x0_adc.o
    0x0800095e   0x0800095e   0x00000002   PAD
    0x08000960   0x08000960   0x0000004a   Code   RO           62    .text.adc_external_trigger_config  gd32f1x0_adc.o
    0x080009aa   0x080009aa   0x00000002   PAD
    0x080009ac   0x080009ac   0x000000ba   Code   RO           56    .text.adc_regular_channel_config  gd32f1x0_adc.o
    0x08000a66   0x08000a66   0x00000002   PAD
    0x08000a68   0x08000a68   0x00000024   Code   RO           66    .text.adc_software_trigger_enable  gd32f1x0_adc.o
    0x08000a8c   0x08000a8c   0x00000066   Code   RO           50    .text.adc_special_function_config  gd32f1x0_adc.o
    0x08000af2   0x08000af2   0x00000002   PAD
    0x08000af4   0x08000af4   0x00000018   Code   RO          297    .text.dma_channel_enable  gd32f1x0_dma.o
    0x08000b0c   0x08000b0c   0x00000018   Code   RO          289    .text.dma_circulation_enable  gd32f1x0_dma.o
    0x08000b24   0x08000b24   0x00000078   Code   RO           12    .text.dma_config    main.o
    0x08000b9c   0x08000b9c   0x00000030   Code   RO          283    .text.dma_deinit    gd32f1x0_dma.o
    0x08000bcc   0x08000bcc   0x00000010   Code   RO          303    .text.dma_memory_address_config  gd32f1x0_dma.o
    0x08000bdc   0x08000bdc   0x00000018   Code   RO          315    .text.dma_memory_increase_enable  gd32f1x0_dma.o
    0x08000bf4   0x08000bf4   0x0000001a   Code   RO          311    .text.dma_memory_width_config  gd32f1x0_dma.o
    0x08000c0e   0x08000c0e   0x00000002   PAD
    0x08000c10   0x08000c10   0x00000010   Code   RO          301    .text.dma_periph_address_config  gd32f1x0_dma.o
    0x08000c20   0x08000c20   0x00000018   Code   RO          321    .text.dma_periph_increase_disable  gd32f1x0_dma.o
    0x08000c38   0x08000c38   0x0000001a   Code   RO          313    .text.dma_periph_width_config  gd32f1x0_dma.o
    0x08000c52   0x08000c52   0x00000002   PAD
    0x08000c54   0x08000c54   0x0000001a   Code   RO          309    .text.dma_priority_config  gd32f1x0_dma.o
    0x08000c6e   0x08000c6e   0x00000002   PAD
    0x08000c70   0x08000c70   0x0000001e   Code   RO          323    .text.dma_transfer_direction_config  gd32f1x0_dma.o
    0x08000c8e   0x08000c8e   0x00000002   PAD
    0x08000c90   0x08000c90   0x00000010   Code   RO          305    .text.dma_transfer_number_config  gd32f1x0_dma.o
    0x08000ca0   0x08000ca0   0x00000026   Code   RO            2    .text.fputc         main.o
    0x08000cc6   0x08000cc6   0x00000002   PAD
    0x08000cc8   0x08000cc8   0x000000d0   Code   RO          481    .text.gpio_af_set   gd32f1x0_gpio.o
    0x08000d98   0x08000d98   0x00000174   Code   RO          461    .text.gpio_mode_set  gd32f1x0_gpio.o
    0x08000f0c   0x08000f0c   0x000000d8   Code   RO          463    .text.gpio_output_options_set  gd32f1x0_gpio.o
    0x08000fe4   0x08000fe4   0x000000ec   Code   RO           14    .text.main          main.o
    0x080010d0   0x080010d0   0x0000005a   Code   RO          648    .text.rcu_adc_clock_config  gd32f1x0_rcu.o
    0x0800112a   0x0800112a   0x00000002   PAD
    0x0800112c   0x0800112c   0x00000138   Code   RO          702    .text.rcu_clock_freq_get  gd32f1x0_rcu.o
    0x08001264   0x08001264   0x0000001e   Code   RO          622    .text.rcu_periph_clock_enable  gd32f1x0_rcu.o
    0x08001282   0x08001282   0x00000002   PAD
    0x08001284   0x08001284   0x00000020   Code   RO          632    .text.rcu_periph_reset_disable  gd32f1x0_rcu.o
    0x080012a4   0x080012a4   0x0000001e   Code   RO          630    .text.rcu_periph_reset_enable  gd32f1x0_rcu.o
    0x080012c2   0x080012c2   0x00000002   PAD
    0x080012c4   0x080012c4   0x00000018   Code   RO          656    .text.rcu_usart_clock_config  gd32f1x0_rcu.o
    0x080012dc   0x080012dc   0x00000062   Code   RO         1104    .text.usart_baudrate_set  gd32f1x0_usart.o
    0x0800133e   0x0800133e   0x00000002   PAD
    0x08001340   0x08001340   0x00000008   Code   RO         1122    .text.usart_data_receive  gd32f1x0_usart.o
    0x08001348   0x08001348   0x00000008   Code   RO         1120    .text.usart_data_transmit  gd32f1x0_usart.o
    0x08001350   0x08001350   0x00000038   Code   RO         1102    .text.usart_deinit  gd32f1x0_usart.o
    0x08001388   0x08001388   0x0000000a   Code   RO         1112    .text.usart_enable  gd32f1x0_usart.o
    0x08001392   0x08001392   0x00000002   PAD
    0x08001394   0x08001394   0x00000010   Code   RO         1224    .text.usart_flag_get  gd32f1x0_usart.o
    0x080013a4   0x080013a4   0x00000010   Code   RO         1118    .text.usart_receive_config  gd32f1x0_usart.o
    0x080013b4   0x080013b4   0x00000010   Code   RO         1116    .text.usart_transmit_config  gd32f1x0_usart.o
    0x080013c4   0x080013c4   0x0000000e   Code   RO         1356    i._is_digit         c_w.l(__printf_wp.o)
    0x080013d2   0x080013d2   0x00000028   Data   RO         1329    .constdata          c_w.l(_printf_hex_int.o)
    0x080013fa   0x080013fa   0x00000011   Data   RO         1359    .constdata          c_w.l(__printf_flags_wp.o)
    0x0800140b   0x0800140b   0x00000008   Data   RO          704    .rodata.cst8        gd32f1x0_rcu.o
    0x08001413   0x08001413   0x00000006   Data   RO           16    .rodata.str1.1      main.o
    0x08001419   0x08001419   0x00000003   PAD
    0x0800141c   0x0800141c   0x00000010   Data   RO         1545    Region$$Table       anon$$obj.o


    Execution Region RW_IRAM1 (Exec base: 0x20000000, Load base: 0x0800142c, Size: 0x000008c8, Max: 0x00001000, ABSOLUTE)

    Exec Addr    Load Addr    Size         Type   Attr      Idx    E Section Name        Object

    0x20000000        -       0x00000060   Zero   RW         1414    .bss                c_w.l(libspace.o)
    0x20000060        -       0x0000000e   Zero   RW           19    .bss..L_MergedGlobals  main.o
    0x2000006e   0x0800142c   0x00000002   PAD
    0x20000070        -       0x00000054   Zero   RW           17    .bss.__stdout       main.o
    0x200000c4   0x0800142c   0x00000004   PAD
    0x200000c8        -       0x00000400   Zero   RW         1294    HEAP                startup_gd32f1x0.o
    0x200004c8        -       0x00000400   Zero   RW         1293    STACK               startup_gd32f1x0.o


==============================================================================

Image component sizes


      Code (inc. data)   RO Data    RW Data    ZI Data      Debug   Object Name

       710          0          0          0          0       8577   gd32f1x0_adc.o
       300          0          0          0          0       6968   gd32f1x0_dma.o
       796          0          0          0          0       5055   gd32f1x0_gpio.o
       518         36          8          0          0      16088   gd32f1x0_rcu.o
       228          0          0          0          0      13747   gd32f1x0_usart.o
       654         16          6          0         98       4551   main.o
        64         26        360          0       2048        860   startup_gd32f1x0.o
       330          0          0          0          0       2044   system_gd32f1x0.o

    ----------------------------------------------------------------------
      3640         78        393          0       2152      57890   Object Totals
         0          0         16          0          0          0   (incl. Generated)
        40          0          3          0          6          0   (incl. Padding)

    ----------------------------------------------------------------------

      Code (inc. data)   RO Data    RW Data    ZI Data      Debug   Library Member Name

         8          0          0          0          0         68   __main.o
       312          4         17          0          0         92   __printf_flags_wp.o
        14          0          0          0          0         68   __printf_wp.o
         0          0          0          0          0          0   __rtentry.o
        12          0          0          0          0          0   __rtentry2.o
         6          0          0          0          0          0   __rtentry4.o
        52          8          0          0          0          0   __scatter.o
        28          0          0          0          0          0   __scatter_zi.o
        48          6          0          0          0         96   _printf_char_common.o
        36          4          0          0          0         80   _printf_char_file.o
        88          4         40          0          0         88   _printf_hex_int.o
       178          0          0          0          0         88   _printf_intcommon.o
        78          0          0          0          0        108   _printf_pad.o
         0          0          0          0          0          0   _printf_percent.o
         4          0          0          0          0          0   _printf_percent_end.o
         6          0          0          0          0          0   _printf_x.o
        18          0          0          0          0         80   exit.o
         8          0          0          0          0         68   ferror.o
         6          0          0          0          0        152   heapauxi.o
         2          0          0          0          0          0   libinit.o
         2          0          0          0          0          0   libinit2.o
         2          0          0          0          0          0   libshutdown.o
         2          0          0          0          0          0   libshutdown2.o
         8          4          0          0         96         68   libspace.o
        24          4          0          0          0         84   noretval__2printf.o
        44          4          0          0          0         84   puts.o
         2          0          0          0          0          0   rtexit.o
        10          0          0          0          0          0   rtexit2.o
        74          0          0          0          0         80   sys_stackheap_outer.o

    ----------------------------------------------------------------------
      1074         38         57          0         96       1304   Library Totals
         2          0          0          0          0          0   (incl. Padding)

    ----------------------------------------------------------------------

      Code (inc. data)   RO Data    RW Data    ZI Data      Debug   Library Name

      1072         38         57          0         96       1304   c_w.l

    ----------------------------------------------------------------------
      1074         38         57          0         96       1304   Library Totals

    ----------------------------------------------------------------------

==============================================================================


      Code (inc. data)   RO Data    RW Data    ZI Data      Debug   

      4714        116        450          0       2248      58482   Grand Totals
      4714        116        450          0       2248      58482   ELF Image Totals
      4714        116        450          0          0          0   ROM Totals

==============================================================================

    Total RO  Size (Code + RO Data)                 5164 (   5.04kB)
    Total RW  Size (RW Data + ZI Data)              2248 (   2.20kB)
    Total ROM Size (Code + RO Data + RW Data)       5164 (   5.04kB)

==============================================================================

